Archive member included to satisfy reference by file (symbol)

C:\Users\emill\Documents\GitHub\st8erboi\libClearCore\Debug\libClearCore.a(EthernetUdp.o)
                              src/comms_controller.o (ClearCore::EthernetUdp::EthernetUdp())
C:\Users\emill\Documents\GitHub\st8erboi\libClearCore\Debug\libClearCore.a(MotorDriver.o)
                              src/axis_controller.o (ClearCore::MotorDriver::EnableRequest(bool))
C:\Users\emill\Documents\GitHub\st8erboi\libClearCore\Debug\libClearCore.a(SerialUsb.o)
                              src/comms_controller.o (ClearCore::SerialUsb::operator bool())
C:\Users\emill\Documents\GitHub\st8erboi\libClearCore\Debug\libClearCore.a(UsbManager.o)
                              C:\Users\emill\Documents\GitHub\st8erboi\libClearCore\Debug\libClearCore.a(SerialUsb.o) (ClearCore::UsbManager::Speed(unsigned long))
C:\Users\emill\Documents\GitHub\st8erboi\libClearCore\Debug\libClearCore.a(SysManager.o)
                              C:\Users\emill\Documents\GitHub\st8erboi\libClearCore\Debug\libClearCore.a(MotorDriver.o) (ClearCore::SysManager::ConnectorByIndex(ClearCorePins))
C:\Users\emill\Documents\GitHub\st8erboi\libClearCore\Debug\libClearCore.a(SysTiming.o)
                              C:\Users\emill\Documents\GitHub\st8erboi\libClearCore\Debug\libClearCore.a(SysManager.o) (ClearCore::SysTiming::IsrStart())
C:\Users\emill\Documents\GitHub\st8erboi\libClearCore\Debug\libClearCore.a(EthernetManager.o)
                              C:\Users\emill\Documents\GitHub\st8erboi\libClearCore\Debug\libClearCore.a(SysManager.o) (ClearCore::EthernetManager::Initialize())
C:\Users\emill\Documents\GitHub\st8erboi\libClearCore\Debug\libClearCore.a(ShiftRegister.o)
                              C:\Users\emill\Documents\GitHub\st8erboi\libClearCore\Debug\libClearCore.a(SysManager.o) (ClearCore::ShiftRegister::ShiftRegister())
C:\Users\emill\Documents\GitHub\st8erboi\libClearCore\Debug\libClearCore.a(MotorManager.o)
                              src/gantry.o (ClearCore::MotorManager::MotorModeSet(ClearCore::MotorManager::MotorPair, ClearCore::Connector::ConnectorModes))
C:\Users\emill\Documents\GitHub\st8erboi\libClearCore\Debug\libClearCore.a(StepGenerator.o)
                              C:\Users\emill\Documents\GitHub\st8erboi\libClearCore\Debug\libClearCore.a(MotorDriver.o) (ClearCore::StepGenerator::Move(long, ClearCore::StepGenerator::MoveTarget))
C:\Users\emill\Documents\GitHub\st8erboi\libClearCore\Debug\libClearCore.a(system_same53.o)
                              C:\Users\emill\Documents\GitHub\st8erboi\libClearCore\Debug\libClearCore.a(SysManager.o) (SystemInit)
C:\Users\emill\Documents\GitHub\st8erboi\libClearCore\Debug\libClearCore.a(EncoderInput.o)
                              C:\Users\emill\Documents\GitHub\st8erboi\libClearCore\Debug\libClearCore.a(SysManager.o) (ClearCore::EncoderInput::EncoderInput())
C:\Users\emill\Documents\GitHub\st8erboi\libClearCore\Debug\libClearCore.a(cdcdf_acm.o)
                              C:\Users\emill\Documents\GitHub\st8erboi\libClearCore\Debug\libClearCore.a(UsbManager.o) (cdcdf_acm_init)
C:\Users\emill\Documents\GitHub\st8erboi\libClearCore\Debug\libClearCore.a(usbdc.o)
                              C:\Users\emill\Documents\GitHub\st8erboi\libClearCore\Debug\libClearCore.a(cdcdf_acm.o) (usbdc_xfer)
C:\Users\emill\Documents\GitHub\st8erboi\libClearCore\Debug\libClearCore.a(usb_protocol.o)
                              C:\Users\emill\Documents\GitHub\st8erboi\libClearCore\Debug\libClearCore.a(cdcdf_acm.o) (usb_find_desc)
C:\Users\emill\Documents\GitHub\st8erboi\libClearCore\Debug\libClearCore.a(hal_usb_device.o)
                              C:\Users\emill\Documents\GitHub\st8erboi\libClearCore\Debug\libClearCore.a(usbdc.o) (usb_d_init)
C:\Users\emill\Documents\GitHub\st8erboi\libClearCore\Debug\libClearCore.a(utils_assert.o)
                              C:\Users\emill\Documents\GitHub\st8erboi\libClearCore\Debug\libClearCore.a(usbdc.o) (assert)
C:\Users\emill\Documents\GitHub\st8erboi\libClearCore\Debug\libClearCore.a(utils_list.o)
                              C:\Users\emill\Documents\GitHub\st8erboi\libClearCore\Debug\libClearCore.a(usbdc.o) (list_insert_at_end)
C:\Users\emill\Documents\GitHub\st8erboi\libClearCore\Debug\libClearCore.a(AdcManager.o)
                              C:\Users\emill\Documents\GitHub\st8erboi\libClearCore\Debug\libClearCore.a(SysManager.o) (ClearCore::AdcManager::Initialize())
C:\Users\emill\Documents\GitHub\st8erboi\libClearCore\Debug\libClearCore.a(DigitalInOutAnalogOut.o)
                              C:\Users\emill\Documents\GitHub\st8erboi\libClearCore\Debug\libClearCore.a(SysManager.o) (ClearCore::DigitalInOutAnalogOut::DigitalInOutAnalogOut(ClearCore::ShiftRegister::Masks, PeripheralRoute const*, PeripheralRoute const*, PeripheralRoute const*, bool))
C:\Users\emill\Documents\GitHub\st8erboi\libClearCore\Debug\libClearCore.a(DigitalInAnalogIn.o)
[...]
Memory Configuration

Name             Origin             Length             Attributes
FLASH            0x00004000         0x0007c000         xr
RAM              0x20000000         0x00030000         xrw
*default*        0x00000000         0xffffffff

Linker script and memory map

LOAD c:/program files (x86)/atmel/studio/7.0/toolchain/arm/arm-gnu-toolchain/bin/../lib/gcc/arm-none-eabi/6.3.1/thumb/v7e-m/fpv4-sp/hard/crti.o
LOAD c:/program files (x86)/atmel/studio/7.0/toolchain/arm/arm-gnu-toolchain/bin/../lib/gcc/arm-none-eabi/6.3.1/thumb/v7e-m/fpv4-sp/hard/crtbegin.o
LOAD c:/program files (x86)/atmel/studio/7.0/toolchain/arm/arm-gnu-toolchain/bin/../lib/gcc/arm-none-eabi/6.3.1/../../../../arm-none-eabi/lib/thumb/v7e-m/fpv4-sp/hard/rdimon-crt0.o
LOAD Device_Startup/startup_same53.o
LOAD src/axis_controller.o
LOAD src/comms_controller.o
LOAD src/gantry.o
START GROUP
LOAD C:\Program Files (x86)\Atmel\Studio\7.0\Packs\arm\CMSIS\4.5.0\CMSIS\Lib\GCC\libarm_cortexM4lf_math.a
LOAD C:\Users\emill\Documents\GitHub\st8erboi\libClearCore\Debug\libClearCore.a
LOAD C:\Users\emill\Documents\GitHub\st8erboi\LwIP\Debug\libLwIP.a
END GROUP
LOAD c:/program files (x86)/atmel/studio/7.0/toolchain/arm/arm-gnu-toolchain/bin/../lib/gcc/arm-none-eabi/6.3.1/../../../../arm-none-eabi/lib/thumb/v7e-m/fpv4-sp/hard\libstdc++.a
LOAD c:/program files (x86)/atmel/studio/7.0/toolchain/arm/arm-gnu-toolchain/bin/../lib/gcc/arm-none-eabi/6.3.1/../../../../arm-none-eabi/lib/thumb/v7e-m/fpv4-sp/hard\libm.a
START GROUP
LOAD c:/program files (x86)/atmel/studio/7.0/toolchain/arm/arm-gnu-toolchain/bin/../lib/gcc/arm-none-eabi/6.3.1/thumb/v7e-m/fpv4-sp/hard\libgcc.a
LOAD c:/program files (x86)/atmel/studio/7.0/toolchain/arm/arm-gnu-toolchain/bin/../lib/gcc/arm-none-eabi/6.3.1/../../../../arm-none-eabi/lib/thumb/v7e-m/fpv4-sp/hard\libc.a
END GROUP
START GROUP
LOAD c:/program files (x86)/atmel/studio/7.0/toolchain/arm/arm-gnu-toolchain/bin/../lib/gcc/arm-none-eabi/6.3.1/thumb/v7e-m/fpv4-sp/hard\libgcc.a
LOAD c:/program files (x86)/atmel/studio/7.0/toolchain/arm/arm-gnu-toolchain/bin/../lib/gcc/arm-none-eabi/6.3.1/../../../../arm-none-eabi/lib/thumb/v7e-m/fpv4-sp/hard\libc.a
LOAD c:/program files (x86)/atmel/studio/7.0/toolchain/arm/arm-gnu-toolchain/bin/../lib/gcc/arm-none-eabi/6.3.1/../../../../arm-none-eabi/lib/thumb/v7e-m/fpv4-sp/hard\librdimon.a
END GROUP
LOAD c:/program files (x86)/atmel/studio/7.0/toolchain/arm/arm-gnu-toolchain/bin/../lib/gcc/arm-none-eabi/6.3.1/thumb/v7e-m/fpv4-sp/hard/crtend.o
LOAD c:/program files (x86)/atmel/studio/7.0/toolchain/arm/arm-gnu-toolchain/bin/../lib/gcc/arm-none-eabi/6.3.1/thumb/v7e-m/fpv4-sp/hard/crtn.o

.text           0x00004000    0x305b4
                0x00004000                __text_start__ = .
 *(.sketch_boot)
                0x00004000                . = ALIGN (0x4000)
 *(.vectors)
 .vectors       0x00004000      0x264 Device_Startup/startup_same53.o
                0x00004000                exception_table
 *(.text*)
 .text          0x00004264       0x6c c:/program files (x86)/atmel/studio/7.0/toolchain/arm/arm-gnu-toolchain/bin/../lib/gcc/arm-none-eabi/6.3.1/thumb/v7e-m/fpv4-sp/hard/crtbegin.o
 .text.Dummy_Handler
                0x000042d0        0x4 Device_Startup/startup_same53.o
                0x000042d0                SVCall_Handler
                0x000042d0                EVSYS_0_Handler
                0x000042d0                TCC1_3_Handler
                0x000042d0                DAC_3_Handler
                0x000042d0                TRNG_Handler
                0x000042d0                HardFault_Handler
                0x000042d0                TC2_Handler
                0x000042d0                PDEC_2_Handler
                0x000042d0                AC_Handler
                0x000042d0                SERCOM3_1_Handler
                0x000042d0                TCC2_3_Handler
                0x000042d0                SERCOM3_2_Handler
                0x000042d0                PendSV_Handler
                0x000042d0                TC7_Handler
                0x000042d0                ADC1_1_Handler
                0x000042d0                EVSYS_3_Handler
                0x000042d0                PDEC_0_Handler
                0x000042d0                QSPI_Handler
                0x000042d0                NonMaskableInt_Handler
                0x000042d0                MemManagement_Handler
                0x000042d0                DAC_2_Handler
                0x000042d0                RTC_Handler
                0x000042d0                UsageFault_Handler
                0x000042d0                SERCOM4_0_Handler
                0x000042d0                OSC32KCTRL_Handler
                0x000042d0                TCC2_1_Handler
                0x000042d0                SUPC_1_Handler
                0x000042d0                TCC0_5_Handler
                0x000042d0                TCC0_6_Handler
                0x000042d0                SERCOM6_2_Handler
                0x000042d0                EVSYS_1_Handler
                0x000042d0                TCC1_4_Handler
                0x000042d0                TC6_Handler
                0x000042d0                DMAC_0_Handler
                0x000042d0                WDT_Handler
                0x000042d0                SERCOM6_0_Handler
                0x000042d0                SERCOM5_0_Handler
                0x000042d0                TC4_Handler
                0x000042d0                TC1_Handler
                0x000042d0                OSCCTRL_4_Handler
                0x000042d0                SERCOM4_3_Handler
                0x000042d0                DMAC_4_Handler
                0x000042d0                TCC4_2_Handler
                0x000042d0                PAC_Handler
                0x000042d0                TCC1_0_Handler
                0x000042d0                OSCCTRL_0_Handler
                0x000042d0                OSCCTRL_3_Handler
                0x000042d0                SERCOM4_1_Handler
                0x000042d0                TC3_Handler
                0x000042d0                Dummy_Handler
                0x000042d0                TCC2_2_Handler
                0x000042d0                SERCOM5_1_Handler
                0x000042d0                TCC1_1_Handler
                0x000042d0                DMAC_2_Handler
                0x000042d0                ADC0_0_Handler
                0x000042d0                SERCOM0_1_Handler
                0x000042d0                OSCCTRL_2_Handler
                0x000042d0                ADC1_0_Handler
                0x000042d0                TCC1_2_Handler
                0x000042d0                SERCOM7_1_Handler
                0x000042d0                PM_Handler
                0x000042d0                SERCOM6_3_Handler
                0x000042d0                DAC_4_Handler
                0x000042d0                TCC3_2_Handler
                0x000042d0                TCC0_2_Handler
                0x000042d0                DMAC_1_Handler
                0x000042d0                SDHC1_Handler
                0x000042d0                TCC2_0_Handler
                0x000042d0                PDEC_1_Handler
                0x000042d0                TCC4_1_Handler
                0x000042d0                SERCOM5_3_Handler
                0x000042d0                SERCOM6_1_Handler
                0x000042d0                SDHC0_Handler
                0x000042d0                SERCOM1_1_Handler
                0x000042d0                I2S_Handler
                0x000042d0                PCC_Handler
                0x000042d0                DAC_0_Handler
                0x000042d0                TCC0_1_Handler
                0x000042d0                SERCOM1_3_Handler
                0x000042d0                OSCCTRL_1_Handler
                0x000042d0                SERCOM1_0_Handler
                0x000042d0                PUKCC_Handler
                0x000042d0                SERCOM2_1_Handler
                0x000042d0                SERCOM1_2_Handler
                0x000042d0                SERCOM3_0_Handler
                0x000042d0                SERCOM4_2_Handler
                0x000042d0                EVSYS_4_Handler
                0x000042d0                NVMCTRL_1_Handler
                0x000042d0                SERCOM5_2_Handler
                0x000042d0                SERCOM3_3_Handler
                0x000042d0                ADC0_1_Handler
                0x000042d0                TCC3_1_Handler
                0x000042d0                DAC_1_Handler
                0x000042d0                NVMCTRL_0_Handler
                0x000042d0                MCLK_Handler
                0x000042d0                EVSYS_2_Handler
                0x000042d0                SUPC_0_Handler
                0x000042d0                BusFault_Handler
                0x000042d0                FREQM_Handler
                0x000042d0                TC0_Handler
                0x000042d0                TCC0_3_Handler
                0x000042d0                DMAC_3_Handler
                0x000042d0                DebugMonitor_Handler
                0x000042d0                TCC0_4_Handler
                0x000042d0                RAMECC_Handler
                0x000042d0                TC5_Handler
                0x000042d0                AES_Handler
                0x000042d0                ICM_Handler
 .text._ZN4AxisC2EPN9ClearCore11MotorDriverEPKc
                0x000042d4       0x3c src/axis_controller.o
                0x000042d4                Axis::Axis(ClearCore::MotorDriver*, char const*)
                0x000042d4                Axis::Axis(ClearCore::MotorDriver*, char const*)
 .text._ZN4Axis5setupEP6GantryPN9ClearCore11MotorDriverEfffPNS2_9ConnectorES6_S6_S6_
                0x00004310       0x24 src/axis_controller.o
                0x00004310                Axis::setup(Gantry*, ClearCore::MotorDriver*, float, float, float, ClearCore::Connector*, ClearCore::Connector*, ClearCore::Connector*, ClearCore::Connector*)
 .text._ZN4Axis6enableEv
                0x00004334       0x58 src/axis_controller.o
                0x00004334                Axis::enable()
 .text._ZN4Axis7disableEv
                0x0000438c       0x28 src/axis_controller.o
                0x0000438c                Axis::disable()
 .text._ZN4Axis11setupMotorsEv
                0x000043b4       0xd4 src/axis_controller.o
                0x000043b4                Axis::setupMotors()
 .text._ZN4Axis9moveStepsEliii
                0x00004488       0x90 src/axis_controller.o
                0x00004488                Axis::moveSteps(long, int, int, int)
 .text._ZNK4Axis13getPositionMmEv
                0x00004518       0x3c src/axis_controller.o
                0x00004518                Axis::getPositionMm() const
 .text._ZN4Axis9startMoveEfffiNS_8MoveTypeE
                0x00004554      0x1b8 src/axis_controller.o
                0x00004554                Axis::startMove(float, float, float, int, Axis::MoveType)
 .text._ZN4Axis4moveEPKc
                0x0000470c      0x15c src/axis_controller.o
                0x0000470c                Axis::move(char const*)
 .text._ZN4Axis4homeEPKc
                0x00004868      0x200 src/axis_controller.o
                0x00004868                Axis::home(char const*)
 .text._ZN4Axis5abortEv
                0x00004a68       0x1c src/axis_controller.o
                0x00004a68                Axis::abort()
 .text._ZN4Axis5resetEv
                0x00004a84       0x48 src/axis_controller.o
                0x00004a84                Axis::reset()
 .text._ZN4Axis8isMovingEv
                0x00004acc       0x1c src/axis_controller.o
                0x00004acc                Axis::isMoving()
 .text._ZN4Axis8getStateEv
                0x00004ae8       0x3c src/axis_controller.o
                0x00004ae8                Axis::getState()
 .text._ZNK4Axis12getStateEnumEv
                0x00004b24        0x8 src/axis_controller.o
                0x00004b24                Axis::getStateEnum() const
 .text._ZN4Axis9isInFaultEv
                0x00004b2c       0x10 src/axis_controller.o
                0x00004b2c                Axis::isInFault()
 .text._ZN4Axis22isLimitSensorTriggeredEv
                0x00004b3c       0x18 src/axis_controller.o
                0x00004b3c                Axis::isLimitSensorTriggered()
 .text._ZN4Axis15enterFaultStateEPKc
                0x00004b54       0x4c src/axis_controller.o
                0x00004b54                Axis::enterFaultState(char const*)
 .text._ZN4Axis11reportEventEPKcS1_
                0x00004ba0       0x28 src/axis_controller.o
                0x00004ba0                Axis::reportEvent(char const*, char const*)
 .text._ZN4Axis11updateStateEv
                0x00004bc8      0x840 src/axis_controller.o
                0x00004bc8                Axis::updateState()
 .text._ZN4Axis9isEnabledEv
                0x00005408       0x20 src/axis_controller.o
                0x00005408                Axis::isEnabled()
 .text._ZN4Axis17getSmoothedTorqueEv
                0x00005428       0xb0 src/axis_controller.o
                0x00005428                Axis::getSmoothedTorque()
 .text._ZN15CommsController14processTxQueueEv.part.2
                0x000054d8       0x58 src/comms_controller.o
 .text._ZN15CommsControllerC2Ev
                0x00005530       0x58 src/comms_controller.o
                0x00005530                CommsController::CommsController()
                0x00005530                CommsController::CommsController()
 .text._ZN15CommsController9dequeueRxER7Message
                0x00005588       0x48 src/comms_controller.o
                0x00005588                CommsController::dequeueRx(Message&)
 .text._ZN15CommsController9enqueueTxEPKcRKN9ClearCore9IpAddressEt
                0x000055d0       0xcc src/comms_controller.o
                0x000055d0                CommsController::enqueueTx(char const*, ClearCore::IpAddress const&, unsigned short)
 .text._ZN15CommsController10processUdpEv
                0x0000569c       0xfc src/comms_controller.o
                0x0000569c                CommsController::processUdp()
 .text._ZN15CommsController6updateEv
                0x00005798       0x24 src/comms_controller.o
                0x00005798                CommsController::update()
 .text._ZN15CommsController11reportEventEPKcS1_
                0x000057bc       0xd4 src/comms_controller.o
                0x000057bc                CommsController::reportEvent(char const*, char const*)
 .text._ZN15CommsController12parseCommandEPKc
                0x00005890      0x158 src/comms_controller.o
                0x00005890                CommsController::parseCommand(char const*)
 .text._ZN15CommsController5setupEv
                0x000059e8       0x7c src/comms_controller.o
                0x000059e8                CommsController::setup()
 .text._ZN6Gantry11updateStateEv.part.1
                0x00005a64       0x94 src/gantry.o
 .text._ZN6Gantry16publishTelemetryEv.part.2
                0x00005af8      0x164 src/gantry.o
 .text._ZN6GantryC2Ev
                0x00005c5c       0x88 src/gantry.o
                0x00005c5c                Gantry::Gantry()
                0x00005c5c                Gantry::Gantry()
 .text._ZN6Gantry5setupEv
                0x00005ce4      0x128 src/gantry.o
                0x00005ce4                Gantry::setup()
 .text._ZN6Gantry11reportEventEPKcS1_
                0x00005e0c        0x4 src/gantry.o
                0x00005e0c                Gantry::reportEvent(char const*, char const*)
 .text._ZN6Gantry11clearErrorsEv
                0x00005e10       0xdc src/gantry.o
                0x00005e10                Gantry::clearErrors()
 .text._ZN6Gantry15dispatchCommandERK7Message.part.3
                0x00005eec      0x210 src/gantry.o
 .text._ZN6Gantry4loopEv.constprop.4
                0x000060fc       0xc0 src/gantry.o
 .text.startup.main
                0x000061bc       0x14 src/gantry.o
                0x000061bc                main
 .text.startup._GLOBAL__sub_I__ZN6GantryC2Ev
                0x000061d0        0xc src/gantry.o
 .text._ZN9ClearCore10UdpReceiveEPvP7udp_pcbP4pbufPK8ip4_addrt
                0x000061dc       0x34 C:\Users\emill\Documents\GitHub\st8erboi\libClearCore\Debug\libClearCore.a(EthernetUdp.o)
                0x000061dc                ClearCore::UdpReceive(void*, udp_pcb*, pbuf*, ip4_addr const*, unsigned short)
 .text._ZN9ClearCore11EthernetUdpC2Ev
                0x00006210       0x24 C:\Users\emill\Documents\GitHub\st8erboi\libClearCore\Debug\libClearCore.a(EthernetUdp.o)
                0x00006210                ClearCore::EthernetUdp::EthernetUdp()
                0x00006210                ClearCore::EthernetUdp::EthernetUdp()
 .text._ZN9ClearCore11EthernetUdp5BeginEt
                0x00006234       0x54 C:\Users\emill\Documents\GitHub\st8erboi\libClearCore\Debug\libClearCore.a(EthernetUdp.o)
                0x00006234                ClearCore::EthernetUdp::Begin(unsigned short)
 .text._ZN9ClearCore11EthernetUdp7ConnectENS_9IpAddressEt
                0x00006288       0x30 C:\Users\emill\Documents\GitHub\st8erboi\libClearCore\Debug\libClearCore.a(EthernetUdp.o)
                0x00006288                ClearCore::EthernetUdp::Connect(ClearCore::IpAddress, unsigned short)
 .text._ZN9ClearCore11EthernetUdp10PacketSendEv
                0x000062b8       0x5c C:\Users\emill\Documents\GitHub\st8erboi\libClearCore\Debug\libClearCore.a(EthernetUdp.o)
                0x000062b8                ClearCore::EthernetUdp::PacketSend()
 .text._ZN9ClearCore11EthernetUdp11PacketWriteEPKc
                0x00006314       0xec C:\Users\emill\Documents\GitHub\st8erboi\libClearCore\Debug\libClearCore.a(EthernetUdp.o)
                0x00006314                ClearCore::EthernetUdp::PacketWrite(char const*)
 .text._ZN9ClearCore11EthernetUdp11PacketParseEv
                0x00006400       0x64 C:\Users\emill\Documents\GitHub\st8erboi\libClearCore\Debug\libClearCore.a(EthernetUdp.o)
                0x00006400                ClearCore::EthernetUdp::PacketParse()
 .text._ZN9ClearCore11EthernetUdp10PacketReadEPht
                0x00006464       0xe8 C:\Users\emill\Documents\GitHub\st8erboi\libClearCore\Debug\libClearCore.a(EthernetUdp.o)
                0x00006464                ClearCore::EthernetUdp::PacketRead(unsigned char*, unsigned short)
 .text._ZN9ClearCore11EthernetUdp8RemoteIpEv
                0x0000654c        0x4 C:\Users\emill\Documents\GitHub\st8erboi\libClearCore\Debug\libClearCore.a(EthernetUdp.o)
                0x0000654c                ClearCore::EthernetUdp::RemoteIp()
 .text._ZN9ClearCore11EthernetUdp10RemotePortEv
                0x00006550        0x4 C:\Users\emill\Documents\GitHub\st8erboi\libClearCore\Debug\libClearCore.a(EthernetUdp.o)
                0x00006550                ClearCore::EthernetUdp::RemotePort()
 .text._ZN9ClearCore9DigitalIn5StateEs
                0x00006554        0x4 C:\Users\emill\Documents\GitHub\st8erboi\libClearCore\Debug\libClearCore.a(MotorDriver.o)
                0x00006554                ClearCore::DigitalIn::State(short)
 .text._ZN9ClearCore9DigitalIn17ExternalInterruptEv
                0x00006558        0x8 C:\Users\emill\Documents\GitHub\st8erboi\libClearCore\Debug\libClearCore.a(MotorDriver.o)
                0x00006558                ClearCore::DigitalIn::ExternalInterrupt()
 .text._ZN9ClearCore11MotorDriver4TypeEv
                0x00006560        0x4 C:\Users\emill\Documents\GitHub\st8erboi\libClearCore\Debug\libClearCore.a(MotorDriver.o)
                0x00006560                ClearCore::MotorDriver::Type()
 .text._ZN9ClearCore11MotorDriver10IsWritableEv
                0x00006564        0x4 C:\Users\emill\Documents\GitHub\st8erboi\libClearCore\Debug\libClearCore.a(MotorDriver.o)
                0x00006564                ClearCore::MotorDriver::IsWritable()
 .text._ZN9ClearCore11MotorDriver11IsInHwFaultEv
                0x00006568        0x8 C:\Users\emill\Documents\GitHub\st8erboi\libClearCore\Debug\libClearCore.a(MotorDriver.o)
                0x00006568                ClearCore::MotorDriver::IsInHwFault()
 .text._ZN9ClearCore11MotorDriver4ModeEv
                0x00006570        0x4 C:\Users\emill\Documents\GitHub\st8erboi\libClearCore\Debug\libClearCore.a(MotorDriver.o)
                0x00006570                ClearCore::MotorDriver::Mode()
 .text._ZN9ClearCore11MotorDriver4ModeENS_9Connector14ConnectorModesE
                0x00006574      0x164 C:\Users\emill\Documents\GitHub\st8erboi\libClearCore\Debug\libClearCore.a(MotorDriver.o)
                0x00006574                ClearCore::MotorDriver::Mode(ClearCore::Connector::ConnectorModes)
 .text._ZN9ClearCore11MotorDriver15OutputDirectionEv
                0x000066d8       0x58 C:\Users\emill\Documents\GitHub\st8erboi\libClearCore\Debug\libClearCore.a(MotorDriver.o)
                0x000066d8                ClearCore::MotorDriver::OutputDirection()
                0x00006728                non-virtual thunk to ClearCore::MotorDriver::OutputDirection()
 .text._ZN9ClearCore11MotorDriverC2ENS_13ShiftRegister5MasksEPK15PeripheralRouteS5_S5_tt
                0x00006730      0x1a8 C:\Users\emill\Documents\GitHub\st8erboi\libClearCore\Debug\libClearCore.a(MotorDriver.o)
                0x00006730                ClearCore::MotorDriver::MotorDriver(ClearCore::ShiftRegister::Masks, PeripheralRoute const*, PeripheralRoute const*, PeripheralRoute const*, unsigned short, unsigned short)
                0x00006730                ClearCore::MotorDriver::MotorDriver(ClearCore::ShiftRegister::Masks, PeripheralRoute const*, PeripheralRoute const*, PeripheralRoute const*, unsigned short, unsigned short)
 .text._ZN9ClearCore11MotorDriver13EnableRequestEb
                0x000068d8      0x124 C:\Users\emill\Documents\GitHub\st8erboi\libClearCore\Debug\libClearCore.a(MotorDriver.o)
                0x000068d8                ClearCore::MotorDriver::EnableRequest(bool)
 .text._ZN9ClearCore11MotorDriver11RefreshSlowEv
                0x000069fc       0xe8 C:\Users\emill\Documents\GitHub\st8erboi\libClearCore\Debug\libClearCore.a(MotorDriver.o)
                0x000069fc                ClearCore::MotorDriver::RefreshSlow()
 .text._ZN9ClearCore11MotorDriver10FaultStateEb
                0x00006ae4       0xf8 C:\Users\emill\Documents\GitHub\st8erboi\libClearCore\Debug\libClearCore.a(MotorDriver.o)
                0x00006ae4                ClearCore::MotorDriver::FaultState(bool)
 *fill*         0x00006bdc        0x4 
 .text._ZN9ClearCore11MotorDriver7RefreshEv
                0x00006be0      0x65c C:\Users\emill\Documents\GitHub\st8erboi\libClearCore\Debug\libClearCore.a(MotorDriver.o)
                0x00006be0                ClearCore::MotorDriver::Refresh()
 .text._ZN9ClearCore11MotorDriver4MoveElNS_13StepGenerator10MoveTargetE
                0x0000723c       0xf0 C:\Users\emill\Documents\GitHub\st8erboi\libClearCore\Debug\libClearCore.a(MotorDriver.o)
                0x0000723c                ClearCore::MotorDriver::Move(long, ClearCore::StepGenerator::MoveTarget)
 .text._ZThn48_N9ClearCore11MotorDriver4MoveElNS_13StepGenerator10MoveTargetE
                0x0000732c        0x8 C:\Users\emill\Documents\GitHub\st8erboi\libClearCore\Debug\libClearCore.a(MotorDriver.o)
                0x0000732c                non-virtual thunk to ClearCore::MotorDriver::Move(long, ClearCore::StepGenerator::MoveTarget)
 .text._ZN9ClearCore11MotorDriver12MoveVelocityEl
                0x00007334       0xd8 C:\Users\emill\Documents\GitHub\st8erboi\libClearCore\Debug\libClearCore.a(MotorDriver.o)
                0x00007334                ClearCore::MotorDriver::MoveVelocity(long)
 .text._ZThn48_N9ClearCore11MotorDriver12MoveVelocityEl
                0x0000740c        0x8 C:\Users\emill\Documents\GitHub\st8erboi\libClearCore\Debug\libClearCore.a(MotorDriver.o)
                0x0000740c                non-virtual thunk to ClearCore::MotorDriver::MoveVelocity(long)
 .text._ZN9ClearCore11MotorDriver10InitializeE13ClearCorePins
                0x00007414      0x314 C:\Users\emill\Documents\GitHub\st8erboi\libClearCore\Debug\libClearCore.a(MotorDriver.o)
                0x00007414                ClearCore::MotorDriver::Initialize(ClearCorePins)
 .text._ZN9ClearCore9Connector17ExternalInterruptEv
                0x00007728        0x8 C:\Users\emill\Documents\GitHub\st8erboi\libClearCore\Debug\libClearCore.a(SerialUsb.o)
                0x00007728                ClearCore::Connector::ExternalInterrupt()
 .text._ZN9ClearCore9SerialUsb6ParityENS_7ISerial9_ParitiesE
                0x00007730        0xc C:\Users\emill\Documents\GitHub\st8erboi\libClearCore\Debug\libClearCore.a(SerialUsb.o)
                0x00007730                ClearCore::SerialUsb::Parity(ClearCore::ISerial::_Parities)
 .text._ZN9ClearCore9SerialUsb6ParityEv
                0x0000773c        0x4 C:\Users\emill\Documents\GitHub\st8erboi\libClearCore\Debug\libClearCore.a(SerialUsb.o)
                0x0000773c                ClearCore::SerialUsb::Parity()
 .text._ZN9ClearCore9SerialUsb8StopBitsEh
                0x00007740        0xc C:\Users\emill\Documents\GitHub\st8erboi\libClearCore\Debug\libClearCore.a(SerialUsb.o)
                0x00007740                ClearCore::SerialUsb::StopBits(unsigned char)
 .text._ZN9ClearCore9SerialUsb8CharSizeEh
                0x0000774c        0xc C:\Users\emill\Documents\GitHub\st8erboi\libClearCore\Debug\libClearCore.a(SerialUsb.o)
                0x0000774c                ClearCore::SerialUsb::CharSize(unsigned char)
 .text._ZN9ClearCore9SerialUsb4ModeEv
                0x00007758        0xc C:\Users\emill\Documents\GitHub\st8erboi\libClearCore\Debug\libClearCore.a(SerialUsb.o)
                0x00007758                ClearCore::SerialUsb::Mode()
                0x0000775c                non-virtual thunk to ClearCore::SerialUsb::Mode()
 .text._ZN9ClearCore9SerialUsb4ModeENS_9Connector14ConnectorModesE
                0x00007764       0x14 C:\Users\emill\Documents\GitHub\st8erboi\libClearCore\Debug\libClearCore.a(SerialUsb.o)
                0x00007764                ClearCore::SerialUsb::Mode(ClearCore::Connector::ConnectorModes)
                0x00007770                non-virtual thunk to ClearCore::SerialUsb::Mode(ClearCore::Connector::ConnectorModes)
 .text._ZN9ClearCore9SerialUsb4TypeEv
                0x00007778        0xc C:\Users\emill\Documents\GitHub\st8erboi\libClearCore\Debug\libClearCore.a(SerialUsb.o)
                0x00007778                ClearCore::SerialUsb::Type()
                0x0000777c                non-virtual thunk to ClearCore::SerialUsb::Type()
 .text._ZN9ClearCore9SerialUsb11IsInHwFaultEv
                0x00007784        0xc C:\Users\emill\Documents\GitHub\st8erboi\libClearCore\Debug\libClearCore.a(SerialUsb.o)
                0x00007784                ClearCore::SerialUsb::IsInHwFault()
                0x00007788                non-virtual thunk to ClearCore::SerialUsb::IsInHwFault()
 .text._ZN9ClearCore9SerialUsb10InitializeE13ClearCorePins
                0x00007790       0x10 C:\Users\emill\Documents\GitHub\st8erboi\libClearCore\Debug\libClearCore.a(SerialUsb.o)
                0x00007790                ClearCore::SerialUsb::Initialize(ClearCorePins)
                0x00007798                non-virtual thunk to ClearCore::SerialUsb::Initialize(ClearCorePins)
 .text._ZN9ClearCore9SerialUsb7RefreshEv
                0x000077a0        0xc C:\Users\emill\Documents\GitHub\st8erboi\libClearCore\Debug\libClearCore.a(SerialUsb.o)
                0x000077a0                ClearCore::SerialUsb::Refresh()
                0x000077a4                non-virtual thunk to ClearCore::SerialUsb::Refresh()
 .text._ZN9ClearCore9SerialUsb10FlushInputEv
                0x000077ac        0xc C:\Users\emill\Documents\GitHub\st8erboi\libClearCore\Debug\libClearCore.a(SerialUsb.o)
                0x000077ac                ClearCore::SerialUsb::FlushInput()
 .text._ZN9ClearCore9SerialUsb19WaitForTransmitIdleEv
                0x000077b8        0xc C:\Users\emill\Documents\GitHub\st8erboi\libClearCore\Debug\libClearCore.a(SerialUsb.o)
                0x000077b8                ClearCore::SerialUsb::WaitForTransmitIdle()
                0x000077b8                ClearCore::SerialUsb::Flush()
 .text._ZN9ClearCore9SerialUsbcvbEv
                0x000077c4        0xc C:\Users\emill\Documents\GitHub\st8erboi\libClearCore\Debug\libClearCore.a(SerialUsb.o)
                0x000077c4                ClearCore::SerialUsb::PortIsOpen()
                0x000077c4                ClearCore::SerialUsb::operator bool()
 .text._ZN9ClearCore9SerialUsb8PortOpenEv
                0x000077d0        0xc C:\Users\emill\Documents\GitHub\st8erboi\libClearCore\Debug\libClearCore.a(SerialUsb.o)
                0x000077d0                ClearCore::SerialUsb::PortOpen()
 .text._ZN9ClearCore9SerialUsb9PortCloseEv
                0x000077dc        0xc C:\Users\emill\Documents\GitHub\st8erboi\libClearCore\Debug\libClearCore.a(SerialUsb.o)
                0x000077dc                ClearCore::SerialUsb::PortClose()
 .text._ZN9ClearCore9SerialUsb5SpeedEm
                0x000077e8        0xc C:\Users\emill\Documents\GitHub\st8erboi\libClearCore\Debug\libClearCore.a(SerialUsb.o)
                0x000077e8                ClearCore::SerialUsb::Speed(unsigned long)
 .text._ZN9ClearCore9SerialUsb5SpeedEv
                0x000077f4        0xc C:\Users\emill\Documents\GitHub\st8erboi\libClearCore\Debug\libClearCore.a(SerialUsb.o)
                0x000077f4                ClearCore::SerialUsb::Speed()
 .text._ZN9ClearCore9SerialUsb7CharGetEv
                0x00007800        0xc C:\Users\emill\Documents\GitHub\st8erboi\libClearCore\Debug\libClearCore.a(SerialUsb.o)
                0x00007800                ClearCore::SerialUsb::CharGet()
 .text._ZN9ClearCore9SerialUsb8CharPeekEv
                0x0000780c        0xc C:\Users\emill\Documents\GitHub\st8erboi\libClearCore\Debug\libClearCore.a(SerialUsb.o)
                0x0000780c                ClearCore::SerialUsb::CharPeek()
 .text._ZN9ClearCore9SerialUsb8SendCharEh
                0x00007818        0xc C:\Users\emill\Documents\GitHub\st8erboi\libClearCore\Debug\libClearCore.a(SerialUsb.o)
                0x00007818                ClearCore::SerialUsb::SendChar(unsigned char)
 .text._ZN9ClearCore9SerialUsb16AvailableForReadEv
                0x00007824        0xc C:\Users\emill\Documents\GitHub\st8erboi\libClearCore\Debug\libClearCore.a(SerialUsb.o)
                0x00007824                ClearCore::SerialUsb::AvailableForRead()
 .text._ZN9ClearCore9SerialUsb17AvailableForWriteEv
                0x00007830        0xc C:\Users\emill\Documents\GitHub\st8erboi\libClearCore\Debug\libClearCore.a(SerialUsb.o)
                0x00007830                ClearCore::SerialUsb::AvailableForWrite()
 .text._ZN9ClearCore9SerialUsb10IsWritableEv
                0x0000783c       0x24 C:\Users\emill\Documents\GitHub\st8erboi\libClearCore\Debug\libClearCore.a(SerialUsb.o)
                0x0000783c                ClearCore::SerialUsb::IsWritable()
                0x00007858                non-virtual thunk to ClearCore::SerialUsb::IsWritable()
 .text._ZN9ClearCore9SerialUsb5StateEv
                0x00007860       0x30 C:\Users\emill\Documents\GitHub\st8erboi\libClearCore\Debug\libClearCore.a(SerialUsb.o)
                0x00007860                ClearCore::SerialUsb::State()
                0x00007888                non-virtual thunk to ClearCore::SerialUsb::State()
 .text._ZN9ClearCore9SerialUsb5StateEs
                0x00007890       0x48 C:\Users\emill\Documents\GitHub\st8erboi\libClearCore\Debug\libClearCore.a(SerialUsb.o)
                0x00007890                ClearCore::SerialUsb::State(short)
                0x000078d0                non-virtual thunk to ClearCore::SerialUsb::State(short)
 .text._ZN9ClearCore10UsbManager18CBLineStateChangedE22usb_cdc_control_signal
                0x000078d8       0x80 C:\Users\emill\Documents\GitHub\st8erboi\libClearCore\Debug\libClearCore.a(UsbManager.o)
                0x000078d8                ClearCore::UsbManager::CBLineStateChanged(usb_cdc_control_signal)
 .text._ZN9ClearCore10UsbManager10RxCompleteEh13usb_xfer_codem
                0x00007958      0x238 C:\Users\emill\Documents\GitHub\st8erboi\libClearCore\Debug\libClearCore.a(UsbManager.o)
                0x00007958                ClearCore::UsbManager::RxComplete(unsigned char, usb_xfer_code, unsigned long)
 .text._ZN9ClearCore10UsbManager10TxCompleteEh13usb_xfer_codem
                0x00007b90      0x3d0 C:\Users\emill\Documents\GitHub\st8erboi\libClearCore\Debug\libClearCore.a(UsbManager.o)
                0x00007b90                ClearCore::UsbManager::TxComplete(unsigned char, usb_xfer_code, unsigned long)
 .text._ZN9ClearCore10UsbManager8InstanceEv
                0x00007f60       0x68 C:\Users\emill\Documents\GitHub\st8erboi\libClearCore\Debug\libClearCore.a(UsbManager.o)
                0x00007f60                ClearCore::UsbManager::Instance()
 .text._ZN9ClearCore10UsbManager10InitializeEv
                0x00007fc8      0x460 C:\Users\emill\Documents\GitHub\st8erboi\libClearCore\Debug\libClearCore.a(UsbManager.o)
                0x00007fc8                ClearCore::UsbManager::Initialize()
 .text._ZN9ClearCore10UsbManager5SpeedEm
                0x00008428        0x4 C:\Users\emill\Documents\GitHub\st8erboi\libClearCore\Debug\libClearCore.a(UsbManager.o)
                0x00008428                ClearCore::UsbManager::Speed(unsigned long)
 .text._ZN9ClearCore10UsbManager5SpeedEv
                0x0000842c        0xc C:\Users\emill\Documents\GitHub\st8erboi\libClearCore\Debug\libClearCore.a(UsbManager.o)
                0x0000842c                ClearCore::UsbManager::Speed()
 .text._ZN9ClearCore10UsbManager8PortOpenEv
                0x00008438       0x38 C:\Users\emill\Documents\GitHub\st8erboi\libClearCore\Debug\libClearCore.a(UsbManager.o)
                0x00008438                ClearCore::UsbManager::PortOpen()
 .text._ZN9ClearCore10UsbManager10FlushInputEv
                0x00008470       0x1c C:\Users\emill\Documents\GitHub\st8erboi\libClearCore\Debug\libClearCore.a(UsbManager.o)
                0x00008470                ClearCore::UsbManager::FlushInput()
 .text._ZN9ClearCore10UsbManager18WaitForWriteFinishEv
                0x0000848c       0x34 C:\Users\emill\Documents\GitHub\st8erboi\libClearCore\Debug\libClearCore.a(UsbManager.o)
                0x0000848c                ClearCore::UsbManager::WaitForWriteFinish()
 .text._ZN9ClearCore10UsbManagercvbEv
                0x000084c0       0x3c C:\Users\emill\Documents\GitHub\st8erboi\libClearCore\Debug\libClearCore.a(UsbManager.o)
                0x000084c0                ClearCore::UsbManager::operator bool()
 .text._ZN9ClearCore10UsbManager7CharGetEv
                0x000084fc      0x258 C:\Users\emill\Documents\GitHub\st8erboi\libClearCore\Debug\libClearCore.a(UsbManager.o)
                0x000084fc                ClearCore::UsbManager::CharGet()
 .text._ZN9ClearCore10UsbManager8CharPeekEv
                0x00008754       0x18 C:\Users\emill\Documents\GitHub\st8erboi\libClearCore\Debug\libClearCore.a(UsbManager.o)
                0x00008754                ClearCore::UsbManager::CharPeek()
 .text._ZN9ClearCore10UsbManager8SendCharEh
                0x0000876c       0x68 C:\Users\emill\Documents\GitHub\st8erboi\libClearCore\Debug\libClearCore.a(UsbManager.o)
                0x0000876c                ClearCore::UsbManager::SendChar(unsigned char)
 .text._ZN9ClearCore10UsbManager16AvailableForReadEv
                0x000087d4       0x10 C:\Users\emill\Documents\GitHub\st8erboi\libClearCore\Debug\libClearCore.a(UsbManager.o)
                0x000087d4                ClearCore::UsbManager::AvailableForRead()
 .text._ZN9ClearCore10UsbManager17AvailableForWriteEv
                0x000087e4       0x14 C:\Users\emill\Documents\GitHub\st8erboi\libClearCore\Debug\libClearCore.a(UsbManager.o)
                0x000087e4                ClearCore::UsbManager::AvailableForWrite()
 .text._ZN9ClearCore10UsbManager6TxPumpEv
                0x000087f8      0x3f4 C:\Users\emill\Documents\GitHub\st8erboi\libClearCore\Debug\libClearCore.a(UsbManager.o)
                0x000087f8                ClearCore::UsbManager::TxPump()
 .text._ZN9ClearCore10UsbManager9PortCloseEv
                0x00008bec       0x70 C:\Users\emill\Documents\GitHub\st8erboi\libClearCore\Debug\libClearCore.a(UsbManager.o)
                0x00008bec                ClearCore::UsbManager::PortClose()
 .text._ZN9ClearCore10UsbManager7RefreshEv
                0x00008c5c      0x3f4 C:\Users\emill\Documents\GitHub\st8erboi\libClearCore\Debug\libClearCore.a(UsbManager.o)
                0x00008c5c                ClearCore::UsbManager::Refresh()
 .text.startup._GLOBAL__sub_I__ZN9ClearCore6UsbMgrE
                0x00009050       0x10 C:\Users\emill\Documents\GitHub\st8erboi\libClearCore\Debug\libClearCore.a(UsbManager.o)
 .text._ZN9ClearCore10SerialBase5SpeedEv
                0x00009060        0x4 C:\Users\emill\Documents\GitHub\st8erboi\libClearCore\Debug\libClearCore.a(SysManager.o)
                0x00009060                ClearCore::SerialBase::Speed()
 .text._ZN9ClearCore10SerialBase6ParityEv
                0x00009064        0x4 C:\Users\emill\Documents\GitHub\st8erboi\libClearCore\Debug\libClearCore.a(SysManager.o)
                0x00009064                ClearCore::SerialBase::Parity()
 .text._ZN9ClearCore10SerialBasecvbEv
                0x00009068        0x4 C:\Users\emill\Documents\GitHub\st8erboi\libClearCore\Debug\libClearCore.a(SysManager.o)
                0x00009068                ClearCore::SerialBase::operator bool()
 .text._ZN9ClearCore11MotorDriverC2Ev
                0x0000906c       0x44 C:\Users\emill\Documents\GitHub\st8erboi\libClearCore\Debug\libClearCore.a(SysManager.o)
                0x0000906c                ClearCore::MotorDriver::MotorDriver()
                0x0000906c                ClearCore::MotorDriver::MotorDriver()
 .text._ZN9ClearCore10SysManagerC2Ev
                0x000090b0     0x1784 C:\Users\emill\Documents\GitHub\st8erboi\libClearCore\Debug\libClearCore.a(SysManager.o)
                0x000090b0                ClearCore::SysManager::SysManager()
                0x000090b0                ClearCore::SysManager::SysManager()
 .text._ZN9ClearCore10SysManager16ConnectorByIndexE13ClearCorePins
                0x0000a834       0x1c C:\Users\emill\Documents\GitHub\st8erboi\libClearCore\Debug\libClearCore.a(SysManager.o)
                0x0000a834                ClearCore::SysManager::ConnectorByIndex(ClearCorePins)
 .text._ZN9ClearCore10SysManager10InitClocksEv
                0x0000a850      0x2dc C:\Users\emill\Documents\GitHub\st8erboi\libClearCore\Debug\libClearCore.a(SysManager.o)
                0x0000a850                ClearCore::SysManager::InitClocks()
 .text._ZN9ClearCore10SysManager10InitializeEv
                0x0000ab2c      0x280 C:\Users\emill\Documents\GitHub\st8erboi\libClearCore\Debug\libClearCore.a(SysManager.o)
                0x0000ab2c                ClearCore::SysManager::Initialize()
 .text._ZN9ClearCore10SysManager10ResetBoardENS0_10ResetModesE
                0x0000adac       0x38 C:\Users\emill\Documents\GitHub\st8erboi\libClearCore\Debug\libClearCore.a(SysManager.o)
                0x0000adac                ClearCore::SysManager::ResetBoard(ClearCore::SysManager::ResetModes)
 .text.GMAC_Handler
                0x0000ade4        0xc C:\Users\emill\Documents\GitHub\st8erboi\libClearCore\Debug\libClearCore.a(SysManager.o)
                0x0000ade4                GMAC_Handler
 .text.SERCOM0_0_Handler
                0x0000adf0        0xc C:\Users\emill\Documents\GitHub\st8erboi\libClearCore\Debug\libClearCore.a(SysManager.o)
                0x0000adf0                SERCOM0_0_Handler
 .text.SERCOM0_2_Handler
                0x0000adfc        0xc C:\Users\emill\Documents\GitHub\st8erboi\libClearCore\Debug\libClearCore.a(SysManager.o)
                0x0000adfc                SERCOM0_2_Handler
 .text.SERCOM0_3_Handler
                0x0000ae08        0xc C:\Users\emill\Documents\GitHub\st8erboi\libClearCore\Debug\libClearCore.a(SysManager.o)
                0x0000ae08                SERCOM0_3_Handler
 .text.SERCOM2_0_Handler
                0x0000ae14        0xc C:\Users\emill\Documents\GitHub\st8erboi\libClearCore\Debug\libClearCore.a(SysManager.o)
                0x0000ae14                SERCOM2_0_Handler
 .text.SERCOM2_2_Handler
                0x0000ae20        0xc C:\Users\emill\Documents\GitHub\st8erboi\libClearCore\Debug\libClearCore.a(SysManager.o)
                0x0000ae20                SERCOM2_2_Handler
 .text.SERCOM2_3_Handler
                0x0000ae2c        0xc C:\Users\emill\Documents\GitHub\st8erboi\libClearCore\Debug\libClearCore.a(SysManager.o)
                0x0000ae2c                SERCOM2_3_Handler
 .text.SERCOM7_0_Handler
                0x0000ae38        0xc C:\Users\emill\Documents\GitHub\st8erboi\libClearCore\Debug\libClearCore.a(SysManager.o)
                0x0000ae38                SERCOM7_0_Handler
 .text.SERCOM7_2_Handler
                0x0000ae44        0xc C:\Users\emill\Documents\GitHub\st8erboi\libClearCore\Debug\libClearCore.a(SysManager.o)
                0x0000ae44                SERCOM7_2_Handler
 .text.SERCOM7_3_Handler
                0x0000ae50        0xc C:\Users\emill\Documents\GitHub\st8erboi\libClearCore\Debug\libClearCore.a(SysManager.o)
                0x0000ae50                SERCOM7_3_Handler
 .text.EIC_0_Handler
                0x0000ae5c       0x10 C:\Users\emill\Documents\GitHub\st8erboi\libClearCore\Debug\libClearCore.a(SysManager.o)
                0x0000ae5c                EIC_0_Handler
 .text.EIC_1_Handler
                0x0000ae6c       0x10 C:\Users\emill\Documents\GitHub\st8erboi\libClearCore\Debug\libClearCore.a(SysManager.o)
                0x0000ae6c                EIC_1_Handler
 .text.EIC_2_Handler
                0x0000ae7c       0x10 C:\Users\emill\Documents\GitHub\st8erboi\libClearCore\Debug\libClearCore.a(SysManager.o)
                0x0000ae7c                EIC_2_Handler
 .text.EIC_3_Handler
                0x0000ae8c       0x10 C:\Users\emill\Documents\GitHub\st8erboi\libClearCore\Debug\libClearCore.a(SysManager.o)
                0x0000ae8c                EIC_3_Handler
 .text.EIC_4_Handler
                0x0000ae9c       0x10 C:\Users\emill\Documents\GitHub\st8erboi\libClearCore\Debug\libClearCore.a(SysManager.o)
                0x0000ae9c                EIC_4_Handler
 .text.EIC_5_Handler
                0x0000aeac       0x10 C:\Users\emill\Documents\GitHub\st8erboi\libClearCore\Debug\libClearCore.a(SysManager.o)
                0x0000aeac                EIC_5_Handler
 .text.EIC_6_Handler
                0x0000aebc       0x10 C:\Users\emill\Documents\GitHub\st8erboi\libClearCore\Debug\libClearCore.a(SysManager.o)
                0x0000aebc                EIC_6_Handler
 .text.EIC_7_Handler
                0x0000aecc       0x10 C:\Users\emill\Documents\GitHub\st8erboi\libClearCore\Debug\libClearCore.a(SysManager.o)
                0x0000aecc                EIC_7_Handler
 .text.EIC_8_Handler
                0x0000aedc       0x10 C:\Users\emill\Documents\GitHub\st8erboi\libClearCore\Debug\libClearCore.a(SysManager.o)
                0x0000aedc                EIC_8_Handler
 .text.EIC_9_Handler
                0x0000aeec       0x10 C:\Users\emill\Documents\GitHub\st8erboi\libClearCore\Debug\libClearCore.a(SysManager.o)
                0x0000aeec                EIC_9_Handler
 .text.EIC_10_Handler
                0x0000aefc       0x10 C:\Users\emill\Documents\GitHub\st8erboi\libClearCore\Debug\libClearCore.a(SysManager.o)
                0x0000aefc                EIC_10_Handler
 .text.EIC_11_Handler
                0x0000af0c       0x10 C:\Users\emill\Documents\GitHub\st8erboi\libClearCore\Debug\libClearCore.a(SysManager.o)
                0x0000af0c                EIC_11_Handler
 .text.EIC_12_Handler
                0x0000af1c        0xc C:\Users\emill\Documents\GitHub\st8erboi\libClearCore\Debug\libClearCore.a(SysManager.o)
                0x0000af1c                EIC_12_Handler
 .text.EIC_13_Handler
                0x0000af28       0x10 C:\Users\emill\Documents\GitHub\st8erboi\libClearCore\Debug\libClearCore.a(SysManager.o)
                0x0000af28                EIC_13_Handler
 .text.EIC_14_Handler
                0x0000af38       0x10 C:\Users\emill\Documents\GitHub\st8erboi\libClearCore\Debug\libClearCore.a(SysManager.o)
                0x0000af38                EIC_14_Handler
 .text.EIC_15_Handler
                0x0000af48       0x10 C:\Users\emill\Documents\GitHub\st8erboi\libClearCore\Debug\libClearCore.a(SysManager.o)
                0x0000af48                EIC_15_Handler
 .text.TCC3_0_Handler
                0x0000af58       0x18 C:\Users\emill\Documents\GitHub\st8erboi\libClearCore\Debug\libClearCore.a(SysManager.o)
                0x0000af58                TCC3_0_Handler
 .text.TCC4_0_Handler
                0x0000af70       0x18 C:\Users\emill\Documents\GitHub\st8erboi\libClearCore\Debug\libClearCore.a(SysManager.o)
                0x0000af70                TCC4_0_Handler
 .text.SysTick_Handler
                0x0000af88       0x54 C:\Users\emill\Documents\GitHub\st8erboi\libClearCore\Debug\libClearCore.a(SysManager.o)
                0x0000af88                SysTick_Handler
 .text.TCC0_0_Handler
                0x0000afdc      0x110 C:\Users\emill\Documents\GitHub\st8erboi\libClearCore\Debug\libClearCore.a(SysManager.o)
                0x0000afdc                TCC0_0_Handler
 .text.Reset_Handler
                0x0000b0ec       0x68 C:\Users\emill\Documents\GitHub\st8erboi\libClearCore\Debug\libClearCore.a(SysManager.o)
                0x0000b0ec                Reset_Handler
 .text.startup._GLOBAL__sub_I__ZN9ClearCore11FastSysTickE
                0x0000b154      0x1e8 C:\Users\emill\Documents\GitHub\st8erboi\libClearCore\Debug\libClearCore.a(SysManager.o)
 .text._ZN9ClearCore9SysTiming8InstanceEv
                0x0000b33c       0x48 C:\Users\emill\Documents\GitHub\st8erboi\libClearCore\Debug\libClearCore.a(SysTiming.o)
                0x0000b33c                ClearCore::SysTiming::Instance()
 .text._ZN9ClearCore9SysTiming8IsrStartEv
                0x0000b384        0xc C:\Users\emill\Documents\GitHub\st8erboi\libClearCore\Debug\libClearCore.a(SysTiming.o)
                0x0000b384                ClearCore::SysTiming::IsrStart()
 .text._ZN9ClearCore9SysTiming6IsrEndEv
                0x0000b390       0x20 C:\Users\emill\Documents\GitHub\st8erboi\libClearCore\Debug\libClearCore.a(SysTiming.o)
                0x0000b390                ClearCore::SysTiming::IsrEnd()
 .text._ZN9ClearCore9SysTiming6UpdateEv
                0x0000b3b0       0x78 C:\Users\emill\Documents\GitHub\st8erboi\libClearCore\Debug\libClearCore.a(SysTiming.o)
                0x0000b3b0                ClearCore::SysTiming::Update()
 .text._ZN9ClearCore9SysTiming21SysTickPeriodMicroSecEm
                0x0000b428       0x4c C:\Users\emill\Documents\GitHub\st8erboi\libClearCore\Debug\libClearCore.a(SysTiming.o)
                0x0000b428                ClearCore::SysTiming::SysTickPeriodMicroSec(unsigned long)
 .text.Milliseconds
                0x0000b474        0xc C:\Users\emill\Documents\GitHub\st8erboi\libClearCore\Debug\libClearCore.a(SysTiming.o)
                0x0000b474                Milliseconds
 .text.Microseconds
                0x0000b480       0x48 C:\Users\emill\Documents\GitHub\st8erboi\libClearCore\Debug\libClearCore.a(SysTiming.o)
                0x0000b480                Microseconds
 .text.Delay_cycles
                0x0000b4c8       0x3c C:\Users\emill\Documents\GitHub\st8erboi\libClearCore\Debug\libClearCore.a(SysTiming.o)
                0x0000b4c8                Delay_cycles
 .text.startup._GLOBAL__sub_I__ZN9ClearCore7tickCntE
                0x0000b504       0x10 C:\Users\emill\Documents\GitHub\st8erboi\libClearCore\Debug\libClearCore.a(SysTiming.o)
 .text._Z15ethernetif_initP5netif
                0x0000b514       0x5c C:\Users\emill\Documents\GitHub\st8erboi\libClearCore\Debug\libClearCore.a(EthernetManager.o)
                0x0000b514                ethernetif_init(netif*)
 .text._ZL11PacketWriteP6ethIntPhm.isra.0
                0x0000b570      0x118 C:\Users\emill\Documents\GitHub\st8erboi\libClearCore\Debug\libClearCore.a(EthernetManager.o)
 .text._ZL16low_level_outputP5netifP4pbuf
                0x0000b688       0x6c C:\Users\emill\Documents\GitHub\st8erboi\libClearCore\Debug\libClearCore.a(EthernetManager.o)
 .text._Z10PacketReadP6ethIntPhm
                0x0000b6f4       0xfc C:\Users\emill\Documents\GitHub\st8erboi\libClearCore\Debug\libClearCore.a(EthernetManager.o)
                0x0000b6f4                PacketRead(ethInt*, unsigned char*, unsigned long)
 .text._ZN9ClearCore15EthernetManager8InstanceEv
                0x0000b7f0       0xe8 C:\Users\emill\Documents\GitHub\st8erboi\libClearCore\Debug\libClearCore.a(EthernetManager.o)
                0x0000b7f0                ClearCore::EthernetManager::Instance()
 .text._ZN9ClearCore15EthernetManager13PhyInitializeEv
                0x0000b8d8      0x110 C:\Users\emill\Documents\GitHub\st8erboi\libClearCore\Debug\libClearCore.a(EthernetManager.o)
                0x0000b8d8                ClearCore::EthernetManager::PhyInitialize()
 .text._ZN9ClearCore15EthernetManager10InitializeEv
                0x0000b9e8      0x578 C:\Users\emill\Documents\GitHub\st8erboi\libClearCore\Debug\libClearCore.a(EthernetManager.o)
                0x0000b9e8                ClearCore::EthernetManager::Initialize()
 .text._ZN9ClearCore15EthernetManager13IrqHandlerPhyEv
                0x0000bf60      0x378 C:\Users\emill\Documents\GitHub\st8erboi\libClearCore\Debug\libClearCore.a(EthernetManager.o)
                0x0000bf60                ClearCore::EthernetManager::IrqHandlerPhy()
 .text._ZN9ClearCore15EthernetManager14IrqHandlerGmacEv
                0x0000c2d8       0x34 C:\Users\emill\Documents\GitHub\st8erboi\libClearCore\Debug\libClearCore.a(EthernetManager.o)
                0x0000c2d8                ClearCore::EthernetManager::IrqHandlerGmac()
 .text._ZN9ClearCore15EthernetManager7LocalIpEv
                0x0000c30c        0x8 C:\Users\emill\Documents\GitHub\st8erboi\libClearCore\Debug\libClearCore.a(EthernetManager.o)
                0x0000c30c                ClearCore::EthernetManager::LocalIp()
 .text._ZN9ClearCore15EthernetManager5SetupEv
                0x0000c314       0x88 C:\Users\emill\Documents\GitHub\st8erboi\libClearCore\Debug\libClearCore.a(EthernetManager.o)
                0x0000c314                ClearCore::EthernetManager::Setup()
 .text._ZN9ClearCore15EthernetManager7RefreshEv
                0x0000c39c       0xbc C:\Users\emill\Documents\GitHub\st8erboi\libClearCore\Debug\libClearCore.a(EthernetManager.o)
                0x0000c39c                ClearCore::EthernetManager::Refresh()
 .text._ZN9ClearCore15EthernetManager9DhcpBeginEv
                0x0000c458       0x8c C:\Users\emill\Documents\GitHub\st8erboi\libClearCore\Debug\libClearCore.a(EthernetManager.o)
                0x0000c458                ClearCore::EthernetManager::DhcpBegin()
 .text.startup._GLOBAL__sub_I__Z12PacketLengthP6ethInt
                0x0000c4e4       0x10 C:\Users\emill\Documents\GitHub\st8erboi\libClearCore\Debug\libClearCore.a(EthernetManager.o)
 .text._ZN9ClearCore13ShiftRegisterC2Ev
                0x0000c4f4      0x124 C:\Users\emill\Documents\GitHub\st8erboi\libClearCore\Debug\libClearCore.a(ShiftRegister.o)
                0x0000c4f4                ClearCore::ShiftRegister::ShiftRegister()
                0x0000c4f4                ClearCore::ShiftRegister::ShiftRegister()
 .text._ZN9ClearCore13ShiftRegister10InitializeEv
                0x0000c618      0x1a4 C:\Users\emill\Documents\GitHub\st8erboi\libClearCore\Debug\libClearCore.a(ShiftRegister.o)
                0x0000c618                ClearCore::ShiftRegister::Initialize()
 .text._ZN9ClearCore13ShiftRegister6UpdateEv
                0x0000c7bc      0x414 C:\Users\emill\Documents\GitHub\st8erboi\libClearCore\Debug\libClearCore.a(ShiftRegister.o)
                0x0000c7bc                ClearCore::ShiftRegister::Update()
 .text._ZN9ClearCore13ShiftRegister18DiagnosticLedSweepEv
                0x0000cbd0      0x148 C:\Users\emill\Documents\GitHub\st8erboi\libClearCore\Debug\libClearCore.a(ShiftRegister.o)
                0x0000cbd0                ClearCore::ShiftRegister::DiagnosticLedSweep()
 .text._ZN9ClearCore12MotorManager8InstanceEv
                0x0000cd18       0x44 C:\Users\emill\Documents\GitHub\st8erboi\libClearCore\Debug\libClearCore.a(MotorManager.o)
                0x0000cd18                ClearCore::MotorManager::Instance()
 .text._ZN9ClearCore12MotorManager18MotorInputClockingENS0_15MotorClockRatesE
                0x0000cd5c      0x120 C:\Users\emill\Documents\GitHub\st8erboi\libClearCore\Debug\libClearCore.a(MotorManager.o)
                0x0000cd5c                ClearCore::MotorManager::MotorInputClocking(ClearCore::MotorManager::MotorClockRates)
 .text._ZN9ClearCore12MotorManager12MotorModeSetENS0_9MotorPairENS_9Connector14ConnectorModesE
                0x0000ce7c       0xec C:\Users\emill\Documents\GitHub\st8erboi\libClearCore\Debug\libClearCore.a(MotorManager.o)
                0x0000ce7c                ClearCore::MotorManager::MotorModeSet(ClearCore::MotorManager::MotorPair, ClearCore::Connector::ConnectorModes)
 .text._ZN9ClearCore12MotorManager10InitializeEv
                0x0000cf68      0x10c C:\Users\emill\Documents\GitHub\st8erboi\libClearCore\Debug\libClearCore.a(MotorManager.o)
                0x0000cf68                ClearCore::MotorManager::Initialize()
 .text.startup._GLOBAL__sub_I__ZN9ClearCore8MotorMgrE
                0x0000d074       0x10 C:\Users\emill\Documents\GitHub\st8erboi\libClearCore\Debug\libClearCore.a(MotorManager.o)
 .text._ZN9ClearCore13StepGenerator4MoveElNS0_10MoveTargetE
                0x0000d084       0x74 C:\Users\emill\Documents\GitHub\st8erboi\libClearCore\Debug\libClearCore.a(StepGenerator.o)
                0x0000d084                ClearCore::StepGenerator::Move(long, ClearCore::StepGenerator::MoveTarget)
 .text._ZN9ClearCore13StepGenerator12MoveVelocityEl
                0x0000d0f8       0x94 C:\Users\emill\Documents\GitHub\st8erboi\libClearCore\Debug\libClearCore.a(StepGenerator.o)
                0x0000d0f8                ClearCore::StepGenerator::MoveVelocity(long)
 .text._ZN9ClearCore13StepGenerator15StepsCalculatedEv
                0x0000d18c      0x4ec C:\Users\emill\Documents\GitHub\st8erboi\libClearCore\Debug\libClearCore.a(StepGenerator.o)
                0x0000d18c                ClearCore::StepGenerator::StepsCalculated()
 .text._ZN9ClearCore13StepGeneratorC2Ev
                0x0000d678       0x64 C:\Users\emill\Documents\GitHub\st8erboi\libClearCore\Debug\libClearCore.a(StepGenerator.o)
                0x0000d678                ClearCore::StepGenerator::StepGenerator()
                0x0000d678                ClearCore::StepGenerator::StepGenerator()
 .text._ZN9ClearCore13StepGenerator14MoveStopAbruptEv
                0x0000d6dc       0x34 C:\Users\emill\Documents\GitHub\st8erboi\libClearCore\Debug\libClearCore.a(StepGenerator.o)
                0x0000d6dc                ClearCore::StepGenerator::MoveStopAbrupt()
 .text._ZN9ClearCore13StepGenerator13MoveStopDecelEm
                0x0000d710       0x58 C:\Users\emill\Documents\GitHub\st8erboi\libClearCore\Debug\libClearCore.a(StepGenerator.o)
                0x0000d710                ClearCore::StepGenerator::MoveStopDecel(unsigned long)
 .text._ZN9ClearCore13StepGenerator6VelMaxEm
                0x0000d768       0x4c C:\Users\emill\Documents\GitHub\st8erboi\libClearCore\Debug\libClearCore.a(StepGenerator.o)
                0x0000d768                ClearCore::StepGenerator::VelMax(unsigned long)
 *fill*         0x0000d7b4        0x4 
 .text._ZN9ClearCore13StepGenerator8AccelMaxEm
                0x0000d7b8       0x30 C:\Users\emill\Documents\GitHub\st8erboi\libClearCore\Debug\libClearCore.a(StepGenerator.o)
                0x0000d7b8                ClearCore::StepGenerator::AccelMax(unsigned long)
 .text._ZN9ClearCore13StepGenerator20StepsPerSampleMaxSetEm
                0x0000d7e8       0x68 C:\Users\emill\Documents\GitHub\st8erboi\libClearCore\Debug\libClearCore.a(StepGenerator.o)
                0x0000d7e8                ClearCore::StepGenerator::StepsPerSampleMaxSet(unsigned long)
 .text._ZN9ClearCore13StepGenerator17CheckTravelLimitsEv
                0x0000d850       0x80 C:\Users\emill\Documents\GitHub\st8erboi\libClearCore\Debug\libClearCore.a(StepGenerator.o)
                0x0000d850                ClearCore::StepGenerator::CheckTravelLimits()
 .text.SystemInit
                0x0000d8d0      0x2b0 C:\Users\emill\Documents\GitHub\st8erboi\libClearCore\Debug\libClearCore.a(system_same53.o)
                0x0000d8d0                SystemInit
 .text.GClkFreqUpdate
                0x0000db80       0x44 C:\Users\emill\Documents\GitHub\st8erboi\libClearCore\Debug\libClearCore.a(system_same53.o)
                0x0000db80                GClkFreqUpdate
 .text._ZN9ClearCore12EncoderInputC2Ev
                0x0000dbc4       0x54 C:\Users\emill\Documents\GitHub\st8erboi\libClearCore\Debug\libClearCore.a(EncoderInput.o)
                0x0000dbc4                ClearCore::EncoderInput::EncoderInput()
                0x0000dbc4                ClearCore::EncoderInput::EncoderInput()
 .text._ZN9ClearCore12EncoderInput10InitializeEv
                0x0000dc18       0x5c C:\Users\emill\Documents\GitHub\st8erboi\libClearCore\Debug\libClearCore.a(EncoderInput.o)
                0x0000dc18                ClearCore::EncoderInput::Initialize()
 .text._ZN9ClearCore12EncoderInput6UpdateEv
                0x0000dc74       0xbc C:\Users\emill\Documents\GitHub\st8erboi\libClearCore\Debug\libClearCore.a(EncoderInput.o)
                0x0000dc74                ClearCore::EncoderInput::Update()
 .text.cdcdf_acm_req
                0x0000dd30       0xe0 C:\Users\emill\Documents\GitHub\st8erboi\libClearCore\Debug\libClearCore.a(cdcdf_acm.o)
 .text.cdcdf_acm_ctrl
                0x0000de10      0x130 C:\Users\emill\Documents\GitHub\st8erboi\libClearCore\Debug\libClearCore.a(cdcdf_acm.o)
 .text.cdcdf_acm_init
                0x0000df40       0x3c C:\Users\emill\Documents\GitHub\st8erboi\libClearCore\Debug\libClearCore.a(cdcdf_acm.o)
                0x0000df40                cdcdf_acm_init
 .text.cdcdf_acm_read
                0x0000df7c       0x28 C:\Users\emill\Documents\GitHub\st8erboi\libClearCore\Debug\libClearCore.a(cdcdf_acm.o)
                0x0000df7c                cdcdf_acm_read
 .text.cdcdf_acm_write
                0x0000dfa4       0x28 C:\Users\emill\Documents\GitHub\st8erboi\libClearCore\Debug\libClearCore.a(cdcdf_acm.o)
                0x0000dfa4                cdcdf_acm_write
 .text.cdcdf_acm_stop_xfer
                0x0000dfcc       0x18 C:\Users\emill\Documents\GitHub\st8erboi\libClearCore\Debug\libClearCore.a(cdcdf_acm.o)
                0x0000dfcc                cdcdf_acm_stop_xfer
 .text.cdcdf_acm_register_callback
                0x0000dfe4       0x50 C:\Users\emill\Documents\GitHub\st8erboi\libClearCore\Debug\libClearCore.a(cdcdf_acm.o)
                0x0000dfe4                cdcdf_acm_register_callback
 .text.cdcdf_acm_is_enabled
                0x0000e034        0xc C:\Users\emill\Documents\GitHub\st8erboi\libClearCore\Debug\libClearCore.a(cdcdf_acm.o)
                0x0000e034                cdcdf_acm_is_enabled
 .text.cdcdf_acm_get_line_coding
                0x0000e040        0x8 C:\Users\emill\Documents\GitHub\st8erboi\libClearCore\Debug\libClearCore.a(cdcdf_acm.o)
                0x0000e040                cdcdf_acm_get_line_coding
 .text.usbd_sof_cb
                0x0000e048       0x1c C:\Users\emill\Documents\GitHub\st8erboi\libClearCore\Debug\libClearCore.a(usbdc.o)
 .text.usbdc_cb_ctl_done
                0x0000e064       0x9c C:\Users\emill\Documents\GitHub\st8erboi\libClearCore\Debug\libClearCore.a(usbdc.o)
 .text.usbdc_cb_ctl_req
                0x0000e100      0x408 C:\Users\emill\Documents\GitHub\st8erboi\libClearCore\Debug\libClearCore.a(usbdc.o)
 .text.usbd_event_cb
                0x0000e508       0x7c C:\Users\emill\Documents\GitHub\st8erboi\libClearCore\Debug\libClearCore.a(usbdc.o)
 .text.usbdc_xfer
                0x0000e584       0x1c C:\Users\emill\Documents\GitHub\st8erboi\libClearCore\Debug\libClearCore.a(usbdc.o)
                0x0000e584                usbdc_xfer
 .text.usbdc_register_handler
                0x0000e5a0       0x2c C:\Users\emill\Documents\GitHub\st8erboi\libClearCore\Debug\libClearCore.a(usbdc.o)
                0x0000e5a0                usbdc_register_handler
 .text.usbdc_init
                0x0000e5cc       0x50 C:\Users\emill\Documents\GitHub\st8erboi\libClearCore\Debug\libClearCore.a(usbdc.o)
                0x0000e5cc                usbdc_init
 .text.usbdc_register_function
                0x0000e61c        0xc C:\Users\emill\Documents\GitHub\st8erboi\libClearCore\Debug\libClearCore.a(usbdc.o)
                0x0000e61c                usbdc_register_function
 .text.usbdc_start
                0x0000e628       0x30 C:\Users\emill\Documents\GitHub\st8erboi\libClearCore\Debug\libClearCore.a(usbdc.o)
                0x0000e628                usbdc_start
 .text.usbdc_attach
                0x0000e658        0x4 C:\Users\emill\Documents\GitHub\st8erboi\libClearCore\Debug\libClearCore.a(usbdc.o)
                0x0000e658                usbdc_attach
 .text.usbdc_get_ctrl_buffer
                0x0000e65c        0xc C:\Users\emill\Documents\GitHub\st8erboi\libClearCore\Debug\libClearCore.a(usbdc.o)
                0x0000e65c                usbdc_get_ctrl_buffer
 .text.usbdc_get_state
                0x0000e668       0x14 C:\Users\emill\Documents\GitHub\st8erboi\libClearCore\Debug\libClearCore.a(usbdc.o)
                0x0000e668                usbdc_get_state
 .text.usb_find_desc
                0x0000e67c       0x34 C:\Users\emill\Documents\GitHub\st8erboi\libClearCore\Debug\libClearCore.a(usb_protocol.o)
                0x0000e67c                usb_find_desc
 .text.usb_find_ep_desc
                0x0000e6b0       0x34 C:\Users\emill\Documents\GitHub\st8erboi\libClearCore\Debug\libClearCore.a(usb_protocol.o)
                0x0000e6b0                usb_find_ep_desc
 .text.usb_find_cfg_desc
                0x0000e6e4       0x58 C:\Users\emill\Documents\GitHub\st8erboi\libClearCore\Debug\libClearCore.a(usb_protocol.o)
                0x0000e6e4                usb_find_cfg_desc
 .text.usb_find_str_desc
                0x0000e73c       0x38 C:\Users\emill\Documents\GitHub\st8erboi\libClearCore\Debug\libClearCore.a(usb_protocol.o)
                0x0000e73c                usb_find_str_desc
 .text.usb_d_dummy_cb_false
                0x0000e774        0x4 C:\Users\emill\Documents\GitHub\st8erboi\libClearCore\Debug\libClearCore.a(hal_usb_device.o)
 .text.usb_d_cb_trans_more
                0x0000e778       0x44 C:\Users\emill\Documents\GitHub\st8erboi\libClearCore\Debug\libClearCore.a(hal_usb_device.o)
 .text._usb_d_cb_trans_done
                0x0000e7bc      0x13c C:\Users\emill\Documents\GitHub\st8erboi\libClearCore\Debug\libClearCore.a(hal_usb_device.o)
 .text.usb_d_cb_trans_setup
                0x0000e8f8       0xa4 C:\Users\emill\Documents\GitHub\st8erboi\libClearCore\Debug\libClearCore.a(hal_usb_device.o)
 .text.usb_d_init
                0x0000e99c      0x104 C:\Users\emill\Documents\GitHub\st8erboi\libClearCore\Debug\libClearCore.a(hal_usb_device.o)
                0x0000e99c                usb_d_init
 .text.usb_d_register_callback
                0x0000eaa0        0x4 C:\Users\emill\Documents\GitHub\st8erboi\libClearCore\Debug\libClearCore.a(hal_usb_device.o)
                0x0000eaa0                usb_d_register_callback
 .text.usb_d_enable
                0x0000eaa4        0x4 C:\Users\emill\Documents\GitHub\st8erboi\libClearCore\Debug\libClearCore.a(hal_usb_device.o)
                0x0000eaa4                usb_d_enable
 .text.usb_d_attach
                0x0000eaa8        0x4 C:\Users\emill\Documents\GitHub\st8erboi\libClearCore\Debug\libClearCore.a(hal_usb_device.o)
                0x0000eaa8                usb_d_attach
 .text.usb_d_set_address
                0x0000eaac        0x4 C:\Users\emill\Documents\GitHub\st8erboi\libClearCore\Debug\libClearCore.a(hal_usb_device.o)
                0x0000eaac                usb_d_set_address
 .text.usb_d_ep0_init
                0x0000eab0       0x9c C:\Users\emill\Documents\GitHub\st8erboi\libClearCore\Debug\libClearCore.a(hal_usb_device.o)
                0x0000eab0                usb_d_ep0_init
 .text.usb_d_ep_init
                0x0000eb4c       0x6c C:\Users\emill\Documents\GitHub\st8erboi\libClearCore\Debug\libClearCore.a(hal_usb_device.o)
                0x0000eb4c                usb_d_ep_init
 .text.usb_d_ep_deinit
                0x0000ebb8       0x38 C:\Users\emill\Documents\GitHub\st8erboi\libClearCore\Debug\libClearCore.a(hal_usb_device.o)
                0x0000ebb8                usb_d_ep_deinit
 .text.usb_d_ep_enable
                0x0000ebf0       0x54 C:\Users\emill\Documents\GitHub\st8erboi\libClearCore\Debug\libClearCore.a(hal_usb_device.o)
                0x0000ebf0                usb_d_ep_enable
 .text.usb_d_ep_transfer
                0x0000ec44      0x128 C:\Users\emill\Documents\GitHub\st8erboi\libClearCore\Debug\libClearCore.a(hal_usb_device.o)
                0x0000ec44                usb_d_ep_transfer
 .text.usb_d_ep_abort
                0x0000ed6c       0x3c C:\Users\emill\Documents\GitHub\st8erboi\libClearCore\Debug\libClearCore.a(hal_usb_device.o)
                0x0000ed6c                usb_d_ep_abort
 .text.usb_d_ep_halt
                0x0000eda8       0x70 C:\Users\emill\Documents\GitHub\st8erboi\libClearCore\Debug\libClearCore.a(hal_usb_device.o)
                0x0000eda8                usb_d_ep_halt
 .text.usb_d_ep_register_callback
                0x0000ee18       0x5c C:\Users\emill\Documents\GitHub\st8erboi\libClearCore\Debug\libClearCore.a(hal_usb_device.o)
                0x0000ee18                usb_d_ep_register_callback
 .text.assert   0x0000ee74        0x8 C:\Users\emill\Documents\GitHub\st8erboi\libClearCore\Debug\libClearCore.a(utils_assert.o)
                0x0000ee74                assert
 .text.list_insert_at_end
                0x0000ee7c       0x48 C:\Users\emill\Documents\GitHub\st8erboi\libClearCore\Debug\libClearCore.a(utils_list.o)
                0x0000ee7c                list_insert_at_end
 .text._ZN9ClearCore10AdcManager8InstanceEv
                0x0000eec4       0x88 C:\Users\emill\Documents\GitHub\st8erboi\libClearCore\Debug\libClearCore.a(AdcManager.o)
                0x0000eec4                ClearCore::AdcManager::Instance()
 .text._ZN9ClearCore10AdcManager10InitializeEv
                0x0000ef4c      0x374 C:\Users\emill\Documents\GitHub\st8erboi\libClearCore\Debug\libClearCore.a(AdcManager.o)
                0x0000ef4c                ClearCore::AdcManager::Initialize()
 .text._ZN9ClearCore10AdcManager6UpdateEv
                0x0000f2c0      0x244 C:\Users\emill\Documents\GitHub\st8erboi\libClearCore\Debug\libClearCore.a(AdcManager.o)
                0x0000f2c0                ClearCore::AdcManager::Update()
 .text._ZN9ClearCore10AdcManager8FilterTcENS0_11AdcChannelsEtNS0_11FilterUnitsE
                0x0000f504       0x9c C:\Users\emill\Documents\GitHub\st8erboi\libClearCore\Debug\libClearCore.a(AdcManager.o)
                0x0000f504                ClearCore::AdcManager::FilterTc(ClearCore::AdcManager::AdcChannels, unsigned short, ClearCore::AdcManager::FilterUnits)
 .text.startup._GLOBAL__sub_I__ZN9ClearCore6AdcMgrE
                0x0000f5a0       0x4c C:\Users\emill\Documents\GitHub\st8erboi\libClearCore\Debug\libClearCore.a(AdcManager.o)
 .text._ZN9ClearCore12DigitalInOut11IsInHwFaultEv
                0x0000f5ec        0x8 C:\Users\emill\Documents\GitHub\st8erboi\libClearCore\Debug\libClearCore.a(DigitalInOutAnalogOut.o)
                0x0000f5ec                ClearCore::DigitalInOut::IsInHwFault()
 .text._ZN9ClearCore21DigitalInOutAnalogOut4ModeEv
                0x0000f5f4        0x4 C:\Users\emill\Documents\GitHub\st8erboi\libClearCore\Debug\libClearCore.a(DigitalInOutAnalogOut.o)
                0x0000f5f4                ClearCore::DigitalInOutAnalogOut::Mode()
 .text._ZN9ClearCore21DigitalInOutAnalogOut4TypeEv
                0x0000f5f8        0x4 C:\Users\emill\Documents\GitHub\st8erboi\libClearCore\Debug\libClearCore.a(DigitalInOutAnalogOut.o)
                0x0000f5f8                ClearCore::DigitalInOutAnalogOut::Type()
 .text._ZN9ClearCore21DigitalInOutAnalogOut10IsWritableEv
                0x0000f5fc       0x14 C:\Users\emill\Documents\GitHub\st8erboi\libClearCore\Debug\libClearCore.a(DigitalInOutAnalogOut.o)
                0x0000f5fc                ClearCore::DigitalInOutAnalogOut::IsWritable()
 .text._ZN9ClearCore21DigitalInOutAnalogOutC2ENS_13ShiftRegister5MasksEPK15PeripheralRouteS5_S5_b
                0x0000f610       0x34 C:\Users\emill\Documents\GitHub\st8erboi\libClearCore\Debug\libClearCore.a(DigitalInOutAnalogOut.o)
                0x0000f610                ClearCore::DigitalInOutAnalogOut::DigitalInOutAnalogOut(ClearCore::ShiftRegister::Masks, PeripheralRoute const*, PeripheralRoute const*, PeripheralRoute const*, bool)
                0x0000f610                ClearCore::DigitalInOutAnalogOut::DigitalInOutAnalogOut(ClearCore::ShiftRegister::Masks, PeripheralRoute const*, PeripheralRoute const*, PeripheralRoute const*, bool)
 .text._ZN9ClearCore21DigitalInOutAnalogOut13DacInitializeEv
                0x0000f644      0x100 C:\Users\emill\Documents\GitHub\st8erboi\libClearCore\Debug\libClearCore.a(DigitalInOutAnalogOut.o)
                0x0000f644                ClearCore::DigitalInOutAnalogOut::DacInitialize()
 .text._ZN9ClearCore21DigitalInOutAnalogOut9DacEnableEv
                0x0000f744       0xc8 C:\Users\emill\Documents\GitHub\st8erboi\libClearCore\Debug\libClearCore.a(DigitalInOutAnalogOut.o)
                0x0000f744                ClearCore::DigitalInOutAnalogOut::DacEnable()
 .text._ZN9ClearCore21DigitalInOutAnalogOut7RefreshEv
                0x0000f80c       0x18 C:\Users\emill\Documents\GitHub\st8erboi\libClearCore\Debug\libClearCore.a(DigitalInOutAnalogOut.o)
                0x0000f80c                ClearCore::DigitalInOutAnalogOut::Refresh()
 .text._ZN9ClearCore21DigitalInOutAnalogOut4ModeENS_9Connector14ConnectorModesE
                0x0000f824       0xf8 C:\Users\emill\Documents\GitHub\st8erboi\libClearCore\Debug\libClearCore.a(DigitalInOutAnalogOut.o)
                0x0000f824                ClearCore::DigitalInOutAnalogOut::Mode(ClearCore::Connector::ConnectorModes)
 .text._ZN9ClearCore21DigitalInOutAnalogOut5StateEv
                0x0000f91c       0x1c C:\Users\emill\Documents\GitHub\st8erboi\libClearCore\Debug\libClearCore.a(DigitalInOutAnalogOut.o)
                0x0000f91c                ClearCore::DigitalInOutAnalogOut::State()
 .text._ZN9ClearCore21DigitalInOutAnalogOut5StateEs
                0x0000f938       0x9c C:\Users\emill\Documents\GitHub\st8erboi\libClearCore\Debug\libClearCore.a(DigitalInOutAnalogOut.o)
                0x0000f938                ClearCore::DigitalInOutAnalogOut::State(short)
 .text._ZN9ClearCore21DigitalInOutAnalogOut10InitializeE13ClearCorePins
                0x0000f9d4       0xa0 C:\Users\emill\Documents\GitHub\st8erboi\libClearCore\Debug\libClearCore.a(DigitalInOutAnalogOut.o)
                0x0000f9d4                ClearCore::DigitalInOutAnalogOut::Initialize(ClearCorePins)
 .text._ZN9ClearCore9DigitalIn11IsInHwFaultEv
                0x0000fa74        0x4 C:\Users\emill\Documents\GitHub\st8erboi\libClearCore\Debug\libClearCore.a(DigitalInAnalogIn.o)
                0x0000fa74                ClearCore::DigitalIn::IsInHwFault()
 .text._ZN9ClearCore17DigitalInAnalogIn4ModeEv
                0x0000fa78        0x4 C:\Users\emill\Documents\GitHub\st8erboi\libClearCore\Debug\libClearCore.a(DigitalInAnalogIn.o)
                0x0000fa78                ClearCore::DigitalInAnalogIn::Mode()
 .text._ZN9ClearCore17DigitalInAnalogIn4TypeEv
                0x0000fa7c        0x4 C:\Users\emill\Documents\GitHub\st8erboi\libClearCore\Debug\libClearCore.a(DigitalInAnalogIn.o)
                0x0000fa7c                ClearCore::DigitalInAnalogIn::Type()
 .text._ZN9ClearCore17DigitalInAnalogIn10IsWritableEv
                0x0000fa80        0x4 C:\Users\emill\Documents\GitHub\st8erboi\libClearCore\Debug\libClearCore.a(DigitalInAnalogIn.o)
                0x0000fa80                ClearCore::DigitalInAnalogIn::IsWritable()
 .text._ZN9ClearCore17DigitalInAnalogIn5StateEs
                0x0000fa84        0x4 C:\Users\emill\Documents\GitHub\st8erboi\libClearCore\Debug\libClearCore.a(DigitalInAnalogIn.o)
                0x0000fa84                ClearCore::DigitalInAnalogIn::State(short)
 .text._ZN9ClearCore17DigitalInAnalogIn4ModeENS_9Connector14ConnectorModesE
                0x0000fa88       0xfc C:\Users\emill\Documents\GitHub\st8erboi\libClearCore\Debug\libClearCore.a(DigitalInAnalogIn.o)
                0x0000fa88                ClearCore::DigitalInAnalogIn::Mode(ClearCore::Connector::ConnectorModes)
 .text._ZN9ClearCore17DigitalInAnalogInC2ENS_13ShiftRegister5MasksES2_PK15PeripheralRouteNS_10AdcManager11AdcChannelsE
                0x0000fb84       0x2c C:\Users\emill\Documents\GitHub\st8erboi\libClearCore\Debug\libClearCore.a(DigitalInAnalogIn.o)
                0x0000fb84                ClearCore::DigitalInAnalogIn::DigitalInAnalogIn(ClearCore::ShiftRegister::Masks, ClearCore::ShiftRegister::Masks, PeripheralRoute const*, ClearCore::AdcManager::AdcChannels)
                0x0000fb84                ClearCore::DigitalInAnalogIn::DigitalInAnalogIn(ClearCore::ShiftRegister::Masks, ClearCore::ShiftRegister::Masks, PeripheralRoute const*, ClearCore::AdcManager::AdcChannels)
 .text._ZN9ClearCore17DigitalInAnalogIn7RefreshEv
                0x0000fbb0       0x78 C:\Users\emill\Documents\GitHub\st8erboi\libClearCore\Debug\libClearCore.a(DigitalInAnalogIn.o)
                0x0000fbb0                ClearCore::DigitalInAnalogIn::Refresh()
 .text._ZN9ClearCore17DigitalInAnalogIn10InitializeE13ClearCorePins
                0x0000fc28       0xb4 C:\Users\emill\Documents\GitHub\st8erboi\libClearCore\Debug\libClearCore.a(DigitalInAnalogIn.o)
                0x0000fc28                ClearCore::DigitalInAnalogIn::Initialize(ClearCorePins)
 .text._ZN9ClearCore17DigitalInAnalogIn5StateEv
                0x0000fcdc       0x48 C:\Users\emill\Documents\GitHub\st8erboi\libClearCore\Debug\libClearCore.a(DigitalInAnalogIn.o)
                0x0000fcdc                ClearCore::DigitalInAnalogIn::State()
 .text._ZN9ClearCore12DigitalInOut4ModeEv
                0x0000fd24        0x4 C:\Users\emill\Documents\GitHub\st8erboi\libClearCore\Debug\libClearCore.a(DigitalInOut.o)
                0x0000fd24                ClearCore::DigitalInOut::Mode()
 .text._ZN9ClearCore12DigitalInOut4TypeEv
                0x0000fd28        0x4 C:\Users\emill\Documents\GitHub\st8erboi\libClearCore\Debug\libClearCore.a(DigitalInOut.o)
                0x0000fd28                ClearCore::DigitalInOut::Type()
 .text._ZN9ClearCore12DigitalInOut10IsWritableEv
                0x0000fd2c       0x14 C:\Users\emill\Documents\GitHub\st8erboi\libClearCore\Debug\libClearCore.a(DigitalInOut.o)
                0x0000fd2c                ClearCore::DigitalInOut::IsWritable()
 .text._ZN9ClearCore12DigitalInOut5StateEs
                0x0000fd40       0xb8 C:\Users\emill\Documents\GitHub\st8erboi\libClearCore\Debug\libClearCore.a(DigitalInOut.o)
                0x0000fd40                ClearCore::DigitalInOut::State(short)
 .text._ZN9ClearCore12DigitalInOut4ModeENS_9Connector14ConnectorModesE
                0x0000fdf8      0x224 C:\Users\emill\Documents\GitHub\st8erboi\libClearCore\Debug\libClearCore.a(DigitalInOut.o)
                0x0000fdf8                ClearCore::DigitalInOut::Mode(ClearCore::Connector::ConnectorModes)
 .text._ZN9ClearCore12DigitalInOutC2ENS_13ShiftRegister5MasksEPK15PeripheralRouteS5_b
                0x0001001c       0x6c C:\Users\emill\Documents\GitHub\st8erboi\libClearCore\Debug\libClearCore.a(DigitalInOut.o)
                0x0001001c                ClearCore::DigitalInOut::DigitalInOut(ClearCore::ShiftRegister::Masks, PeripheralRoute const*, PeripheralRoute const*, bool)
                0x0001001c                ClearCore::DigitalInOut::DigitalInOut(ClearCore::ShiftRegister::Masks, PeripheralRoute const*, PeripheralRoute const*, bool)
 .text._ZN9ClearCore12DigitalInOut7RefreshEv
                0x00010088      0x20c C:\Users\emill\Documents\GitHub\st8erboi\libClearCore\Debug\libClearCore.a(DigitalInOut.o)
                0x00010088                ClearCore::DigitalInOut::Refresh()
 .text._ZN9ClearCore12DigitalInOut5StateEv
                0x00010294       0x40 C:\Users\emill\Documents\GitHub\st8erboi\libClearCore\Debug\libClearCore.a(DigitalInOut.o)
                0x00010294                ClearCore::DigitalInOut::State()
 .text._ZN9ClearCore12DigitalInOut10InitializeE13ClearCorePins
                0x000102d4       0x74 C:\Users\emill\Documents\GitHub\st8erboi\libClearCore\Debug\libClearCore.a(DigitalInOut.o)
                0x000102d4                ClearCore::DigitalInOut::Initialize(ClearCorePins)
 .text._ZN9ClearCore9Connector4ModeEv
                0x00010348        0x4 C:\Users\emill\Documents\GitHub\st8erboi\libClearCore\Debug\libClearCore.a(DigitalIn.o)
                0x00010348                ClearCore::Connector::Mode()
 .text._ZN9ClearCore9DigitalIn4ModeEv
                0x0001034c        0x4 C:\Users\emill\Documents\GitHub\st8erboi\libClearCore\Debug\libClearCore.a(DigitalIn.o)
                0x0001034c                ClearCore::DigitalIn::Mode()
 .text._ZN9ClearCore9DigitalIn4ModeENS_9Connector14ConnectorModesE
                0x00010350        0xc C:\Users\emill\Documents\GitHub\st8erboi\libClearCore\Debug\libClearCore.a(DigitalIn.o)
                0x00010350                ClearCore::DigitalIn::Mode(ClearCore::Connector::ConnectorModes)
 .text._ZN9ClearCore9DigitalIn4TypeEv
                0x0001035c        0x4 C:\Users\emill\Documents\GitHub\st8erboi\libClearCore\Debug\libClearCore.a(DigitalIn.o)
                0x0001035c                ClearCore::DigitalIn::Type()
 .text._ZN9ClearCore9DigitalIn10IsWritableEv
                0x00010360        0x4 C:\Users\emill\Documents\GitHub\st8erboi\libClearCore\Debug\libClearCore.a(DigitalIn.o)
                0x00010360                ClearCore::DigitalIn::IsWritable()
 .text._ZN9ClearCore9DigitalIn5StateEv
                0x00010364       0x28 C:\Users\emill\Documents\GitHub\st8erboi\libClearCore\Debug\libClearCore.a(DigitalIn.o)
                0x00010364                ClearCore::DigitalIn::State()
 .text._ZN9ClearCore9DigitalIn10InitializeE13ClearCorePins
                0x0001038c       0xcc C:\Users\emill\Documents\GitHub\st8erboi\libClearCore\Debug\libClearCore.a(DigitalIn.o)
                0x0001038c                ClearCore::DigitalIn::Initialize(ClearCorePins)
 .text._ZN9ClearCore9DigitalIn7RefreshEv
                0x00010458      0x14c C:\Users\emill\Documents\GitHub\st8erboi\libClearCore\Debug\libClearCore.a(DigitalIn.o)
                0x00010458                ClearCore::DigitalIn::Refresh()
 .text._ZN9ClearCore9ConnectorC2Ev
                0x000105a4       0x14 C:\Users\emill\Documents\GitHub\st8erboi\libClearCore\Debug\libClearCore.a(DigitalIn.o)
                0x000105a4                ClearCore::Connector::Connector()
                0x000105a4                ClearCore::Connector::Connector()
 .text._ZN9ClearCore9DigitalInC2ENS_13ShiftRegister5MasksEPK15PeripheralRoute
                0x000105b8       0x48 C:\Users\emill\Documents\GitHub\st8erboi\libClearCore\Debug\libClearCore.a(DigitalIn.o)
                0x000105b8                ClearCore::DigitalIn::DigitalIn(ClearCore::ShiftRegister::Masks, PeripheralRoute const*)
                0x000105b8                ClearCore::DigitalIn::DigitalIn(ClearCore::ShiftRegister::Masks, PeripheralRoute const*)
 .text._ZN9ClearCore9DigitalIn7StateRTEv
                0x00010600       0x1c C:\Users\emill\Documents\GitHub\st8erboi\libClearCore\Debug\libClearCore.a(DigitalIn.o)
                0x00010600                ClearCore::DigitalIn::StateRT()
 .text._ZN9ClearCore9DigitalIn17UpdateFilterStateEv
                0x0001061c       0x9c C:\Users\emill\Documents\GitHub\st8erboi\libClearCore\Debug\libClearCore.a(DigitalIn.o)
                0x0001061c                ClearCore::DigitalIn::UpdateFilterState()
 .text._ZN9ClearCore19DigitalInOutHBridge4ModeEv
                0x000106b8        0x4 C:\Users\emill\Documents\GitHub\st8erboi\libClearCore\Debug\libClearCore.a(DigitalInOutHBridge.o)
                0x000106b8                ClearCore::DigitalInOutHBridge::Mode()
 .text._ZN9ClearCore19DigitalInOutHBridge4TypeEv
                0x000106bc        0x4 C:\Users\emill\Documents\GitHub\st8erboi\libClearCore\Debug\libClearCore.a(DigitalInOutHBridge.o)
                0x000106bc                ClearCore::DigitalInOutHBridge::Type()
 .text._ZN9ClearCore19DigitalInOutHBridge10IsWritableEv
                0x000106c0       0x10 C:\Users\emill\Documents\GitHub\st8erboi\libClearCore\Debug\libClearCore.a(DigitalInOutHBridge.o)
                0x000106c0                ClearCore::DigitalInOutHBridge::IsWritable()
 .text._ZN9ClearCore19DigitalInOutHBridgeC2ENS_13ShiftRegister5MasksEPK15PeripheralRouteS5_S5_S5_4IRQnb
                0x000106d0       0x60 C:\Users\emill\Documents\GitHub\st8erboi\libClearCore\Debug\libClearCore.a(DigitalInOutHBridge.o)
                0x000106d0                ClearCore::DigitalInOutHBridge::DigitalInOutHBridge(ClearCore::ShiftRegister::Masks, PeripheralRoute const*, PeripheralRoute const*, PeripheralRoute const*, PeripheralRoute const*, IRQn, bool)
                0x000106d0                ClearCore::DigitalInOutHBridge::DigitalInOutHBridge(ClearCore::ShiftRegister::Masks, PeripheralRoute const*, PeripheralRoute const*, PeripheralRoute const*, PeripheralRoute const*, IRQn, bool)
 .text._ZN9ClearCore19DigitalInOutHBridge10FaultStateEb
                0x00010730       0x54 C:\Users\emill\Documents\GitHub\st8erboi\libClearCore\Debug\libClearCore.a(DigitalInOutHBridge.o)
                0x00010730                ClearCore::DigitalInOutHBridge::FaultState(bool)
 .text._ZN9ClearCore19DigitalInOutHBridge5StateEv
                0x00010784       0x3c C:\Users\emill\Documents\GitHub\st8erboi\libClearCore\Debug\libClearCore.a(DigitalInOutHBridge.o)
                0x00010784                ClearCore::DigitalInOutHBridge::State()
 .text._ZN9ClearCore19DigitalInOutHBridge5StateEs
                0x000107c0       0x70 C:\Users\emill\Documents\GitHub\st8erboi\libClearCore\Debug\libClearCore.a(DigitalInOutHBridge.o)
                0x000107c0                ClearCore::DigitalInOutHBridge::State(short)
 .text._ZN9ClearCore19DigitalInOutHBridge10ToneUpdateEv
                0x00010830      0x144 C:\Users\emill\Documents\GitHub\st8erboi\libClearCore\Debug\libClearCore.a(DigitalInOutHBridge.o)
                0x00010830                ClearCore::DigitalInOutHBridge::ToneUpdate()
 .text._ZN9ClearCore19DigitalInOutHBridge7RefreshEv
                0x00010974      0x114 C:\Users\emill\Documents\GitHub\st8erboi\libClearCore\Debug\libClearCore.a(DigitalInOutHBridge.o)
                0x00010974                ClearCore::DigitalInOutHBridge::Refresh()
 .text._ZN9ClearCore19DigitalInOutHBridge10InitializeE13ClearCorePins
                0x00010a88       0xc8 C:\Users\emill\Documents\GitHub\st8erboi\libClearCore\Debug\libClearCore.a(DigitalInOutHBridge.o)
                0x00010a88                ClearCore::DigitalInOutHBridge::Initialize(ClearCorePins)
 .text._ZN9ClearCore19DigitalInOutHBridge4ModeENS_9Connector14ConnectorModesE
                0x00010b50      0x1a4 C:\Users\emill\Documents\GitHub\st8erboi\libClearCore\Debug\libClearCore.a(DigitalInOutHBridge.o)
                0x00010b50                ClearCore::DigitalInOutHBridge::Mode(ClearCore::Connector::ConnectorModes)
 .text._ZN9ClearCore10DmaManager8InstanceEv
                0x00010cf4       0x28 C:\Users\emill\Documents\GitHub\st8erboi\libClearCore\Debug\libClearCore.a(DmaManager.o)
                0x00010cf4                ClearCore::DmaManager::Instance()
 .text._ZN9ClearCore10DmaManager10InitializeEv
                0x00010d1c       0x64 C:\Users\emill\Documents\GitHub\st8erboi\libClearCore\Debug\libClearCore.a(DmaManager.o)
                0x00010d1c                ClearCore::DmaManager::Initialize()
 .text._ZN9ClearCore10DmaManager7ChannelENS_11DmaChannelsE
                0x00010d80       0x14 C:\Users\emill\Documents\GitHub\st8erboi\libClearCore\Debug\libClearCore.a(DmaManager.o)
                0x00010d80                ClearCore::DmaManager::Channel(ClearCore::DmaChannels)
 .text._ZN9ClearCore10DmaManager14BaseDescriptorENS_11DmaChannelsE
                0x00010d94       0x14 C:\Users\emill\Documents\GitHub\st8erboi\libClearCore\Debug\libClearCore.a(DmaManager.o)
                0x00010d94                ClearCore::DmaManager::BaseDescriptor(ClearCore::DmaChannels)
 .text.startup._GLOBAL__sub_I__ZN9ClearCore10DmaManager19writeBackDescriptorE
                0x00010da8       0x10 C:\Users\emill\Documents\GitHub\st8erboi\libClearCore\Debug\libClearCore.a(DmaManager.o)
 .text._ZN9ClearCore16CcioBoardManager12CcioDiscoverEPNS_12SerialDriverE.part.1
                0x00010db8      0x488 C:\Users\emill\Documents\GitHub\st8erboi\libClearCore\Debug\libClearCore.a(CcioBoardManager.o)
 .text._ZN9ClearCore16CcioBoardManager8InstanceEv
                0x00011240      0x118 C:\Users\emill\Documents\GitHub\st8erboi\libClearCore\Debug\libClearCore.a(CcioBoardManager.o)
                0x00011240                ClearCore::CcioBoardManager::Instance()
 .text._ZN9ClearCore16CcioBoardManager10InitializeEv
                0x00011358       0xb8 C:\Users\emill\Documents\GitHub\st8erboi\libClearCore\Debug\libClearCore.a(CcioBoardManager.o)
                0x00011358                ClearCore::CcioBoardManager::Initialize()
 .text._ZN9ClearCore16CcioBoardManager8PinStateE13ClearCorePins
                0x00011410       0x30 C:\Users\emill\Documents\GitHub\st8erboi\libClearCore\Debug\libClearCore.a(CcioBoardManager.o)
                0x00011410                ClearCore::CcioBoardManager::PinState(ClearCorePins)
 .text._ZN9ClearCore16CcioBoardManager7RefreshEv
                0x00011440      0x5c4 C:\Users\emill\Documents\GitHub\st8erboi\libClearCore\Debug\libClearCore.a(CcioBoardManager.o)
                0x00011440                ClearCore::CcioBoardManager::Refresh()
 .text._ZN9ClearCore16CcioBoardManager11RefreshSlowEv
                0x00011a04       0x3c C:\Users\emill\Documents\GitHub\st8erboi\libClearCore\Debug\libClearCore.a(CcioBoardManager.o)
                0x00011a04                ClearCore::CcioBoardManager::RefreshSlow()
 .text._ZN9ClearCore16CcioBoardManager9LinkCloseEv
                0x00011a40       0x40 C:\Users\emill\Documents\GitHub\st8erboi\libClearCore\Debug\libClearCore.a(CcioBoardManager.o)
                0x00011a40                ClearCore::CcioBoardManager::LinkClose()
 .text._ZN9ClearCore16CcioBoardManager12CcioDiscoverEPNS_12SerialDriverE
                0x00011a80       0x38 C:\Users\emill\Documents\GitHub\st8erboi\libClearCore\Debug\libClearCore.a(CcioBoardManager.o)
                0x00011a80                ClearCore::CcioBoardManager::CcioDiscover(ClearCore::SerialDriver*)
 .text._ZN9ClearCore16CcioBoardManager10PinByIndexE13ClearCorePins
                0x00011ab8       0x18 C:\Users\emill\Documents\GitHub\st8erboi\libClearCore\Debug\libClearCore.a(CcioBoardManager.o)
                0x00011ab8                ClearCore::CcioBoardManager::PinByIndex(ClearCorePins)
 .text.startup._GLOBAL__sub_I__ZN9ClearCore7CcioMgrE
                0x00011ad0       0x10 C:\Users\emill\Documents\GitHub\st8erboi\libClearCore\Debug\libClearCore.a(CcioBoardManager.o)
 .text._ZN9ClearCore7CcioPin4ModeEv
                0x00011ae0        0x4 C:\Users\emill\Documents\GitHub\st8erboi\libClearCore\Debug\libClearCore.a(CcioPin.o)
                0x00011ae0                ClearCore::CcioPin::Mode()
 .text._ZN9ClearCore7CcioPin4TypeEv
                0x00011ae4        0x4 C:\Users\emill\Documents\GitHub\st8erboi\libClearCore\Debug\libClearCore.a(CcioPin.o)
                0x00011ae4                ClearCore::CcioPin::Type()
 .text._ZN9ClearCore7CcioPin10IsWritableEv
                0x00011ae8       0x10 C:\Users\emill\Documents\GitHub\st8erboi\libClearCore\Debug\libClearCore.a(CcioPin.o)
                0x00011ae8                ClearCore::CcioPin::IsWritable()
 .text._ZN9ClearCore7CcioPin7RefreshEv
                0x00011af8        0x4 C:\Users\emill\Documents\GitHub\st8erboi\libClearCore\Debug\libClearCore.a(CcioPin.o)
                0x00011af8                ClearCore::CcioPin::Refresh()
 .text._ZN9ClearCore7CcioPin10InitializeE13ClearCorePins
                0x00011afc       0x40 C:\Users\emill\Documents\GitHub\st8erboi\libClearCore\Debug\libClearCore.a(CcioPin.o)
                0x00011afc                ClearCore::CcioPin::Initialize(ClearCorePins)
 .text._ZN9ClearCore7CcioPin4ModeENS_9Connector14ConnectorModesE
                0x00011b3c       0x70 C:\Users\emill\Documents\GitHub\st8erboi\libClearCore\Debug\libClearCore.a(CcioPin.o)
                0x00011b3c                ClearCore::CcioPin::Mode(ClearCore::Connector::ConnectorModes)
 .text._ZN9ClearCore7CcioPin5StateEv
                0x00011bac       0x3c C:\Users\emill\Documents\GitHub\st8erboi\libClearCore\Debug\libClearCore.a(CcioPin.o)
                0x00011bac                ClearCore::CcioPin::State()
 .text._ZN9ClearCore7CcioPin11IsInHwFaultEv
                0x00011be8       0x20 C:\Users\emill\Documents\GitHub\st8erboi\libClearCore\Debug\libClearCore.a(CcioPin.o)
                0x00011be8                ClearCore::CcioPin::IsInHwFault()
 .text._ZN9ClearCore7CcioPin5StateEs
                0x00011c08       0x48 C:\Users\emill\Documents\GitHub\st8erboi\libClearCore\Debug\libClearCore.a(CcioPin.o)
                0x00011c08                ClearCore::CcioPin::State(short)
 .text._ZN9ClearCore7CcioPinC2Ev
                0x00011c50       0x34 C:\Users\emill\Documents\GitHub\st8erboi\libClearCore\Debug\libClearCore.a(CcioPin.o)
                0x00011c50                ClearCore::CcioPin::CcioPin()
                0x00011c50                ClearCore::CcioPin::CcioPin()
 .text._ZN9ClearCore12InputManager8InstanceEv
                0x00011c84       0x5c C:\Users\emill\Documents\GitHub\st8erboi\libClearCore\Debug\libClearCore.a(InputManager.o)
                0x00011c84                ClearCore::InputManager::Instance()
 .text._ZN9ClearCore12InputManager10InitializeEv
                0x00011ce0       0x18 C:\Users\emill\Documents\GitHub\st8erboi\libClearCore\Debug\libClearCore.a(InputManager.o)
                0x00011ce0                ClearCore::InputManager::Initialize()
 .text._ZN9ClearCore12InputManager15InterruptEnableEabb
                0x00011cf8       0x78 C:\Users\emill\Documents\GitHub\st8erboi\libClearCore\Debug\libClearCore.a(InputManager.o)
                0x00011cf8                ClearCore::InputManager::InterruptEnable(signed char, bool, bool)
 .text._ZN9ClearCore12InputManager11EIC_HandlerEh
                0x00011d70       0x5c C:\Users\emill\Documents\GitHub\st8erboi\libClearCore\Debug\libClearCore.a(InputManager.o)
                0x00011d70                ClearCore::InputManager::EIC_Handler(unsigned char)
 .text._ZN9ClearCore12InputManager11UpdateBeginEv
                0x00011dcc       0x28 C:\Users\emill\Documents\GitHub\st8erboi\libClearCore\Debug\libClearCore.a(InputManager.o)
                0x00011dcc                ClearCore::InputManager::UpdateBegin()
 .text._ZN9ClearCore12InputManager9UpdateEndEv
                0x00011df4       0x54 C:\Users\emill\Documents\GitHub\st8erboi\libClearCore\Debug\libClearCore.a(InputManager.o)
                0x00011df4                ClearCore::InputManager::UpdateEnd()
 .text.startup._GLOBAL__sub_I__ZN9ClearCore8InputMgrE
                0x00011e48       0x10 C:\Users\emill\Documents\GitHub\st8erboi\libClearCore\Debug\libClearCore.a(InputManager.o)
 .text._ZN9ClearCore12SdCardDriverC2EPK15PeripheralRouteS3_S3_S3_h
                0x00011e58       0x40 C:\Users\emill\Documents\GitHub\st8erboi\libClearCore\Debug\libClearCore.a(SdCardDriver.o)
                0x00011e58                ClearCore::SdCardDriver::SdCardDriver(PeripheralRoute const*, PeripheralRoute const*, PeripheralRoute const*, PeripheralRoute const*, unsigned char)
                0x00011e58                ClearCore::SdCardDriver::SdCardDriver(PeripheralRoute const*, PeripheralRoute const*, PeripheralRoute const*, PeripheralRoute const*, unsigned char)
 .text._ZN9ClearCore10SerialBase10PortIsOpenEv
                0x00011e98        0x8 C:\Users\emill\Documents\GitHub\st8erboi\libClearCore\Debug\libClearCore.a(SerialBase.o)
                0x00011e98                ClearCore::SerialBase::PortIsOpen()
 .text._ZN9ClearCore10SerialBase5FlushEv
                0x00011ea0       0x10 C:\Users\emill\Documents\GitHub\st8erboi\libClearCore\Debug\libClearCore.a(SerialBase.o)
                0x00011ea0                ClearCore::SerialBase::Flush()
 .text._ZN9ClearCore10SerialBase10FlushInputEv
                0x00011eb0       0x14 C:\Users\emill\Documents\GitHub\st8erboi\libClearCore\Debug\libClearCore.a(SerialBase.o)
                0x00011eb0                ClearCore::SerialBase::FlushInput()
 .text._ZN9ClearCore10SerialBase7CharGetEv
                0x00011ec4       0x38 C:\Users\emill\Documents\GitHub\st8erboi\libClearCore\Debug\libClearCore.a(SerialBase.o)
                0x00011ec4                ClearCore::SerialBase::CharGet()
 .text._ZN9ClearCore10SerialBase8CharPeekEv
                0x00011efc       0x1c C:\Users\emill\Documents\GitHub\st8erboi\libClearCore\Debug\libClearCore.a(SerialBase.o)
                0x00011efc                ClearCore::SerialBase::CharPeek()
 .text._ZN9ClearCore10SerialBase16AvailableForReadEv
                0x00011f18       0x10 C:\Users\emill\Documents\GitHub\st8erboi\libClearCore\Debug\libClearCore.a(SerialBase.o)
                0x00011f18                ClearCore::SerialBase::AvailableForRead()